Archive member included to satisfy reference by file (symbol)

d:/stm32/stm32cubeide_1.11.0/stm32cubeide/plugins/com.st.stm32cube.ide.mcu.externaltools.gnu-tools-for-stm32.10.3-2021.10.win32_1.0.100.202210260954/tools/bin/../lib/gcc/arm-none-eabi/10.3.1/../../../../arm-none-eabi/lib/thumb/v7e-m+fp/hard\libc_nano.a(lib_a-errno.o)
                              ./Core/Src/syscalls.o (__errno)
d:/stm32/stm32cubeide_1.11.0/stm32cubeide/plugins/com.st.stm32cube.ide.mcu.externaltools.gnu-tools-for-stm32.10.3-2021.10.win32_1.0.100.202210260954/tools/bin/../lib/gcc/arm-none-eabi/10.3.1/../../../../arm-none-eabi/lib/thumb/v7e-m+fp/hard\libc_nano.a(lib_a-exit.o)
                              d:/stm32/stm32cubeide_1.11.0/stm32cubeide/plugins/com.st.stm32cube.ide.mcu.externaltools.gnu-tools-for-stm32.10.3-2021.10.win32_1.0.100.202210260954/tools/bin/../lib/gcc/arm-none-eabi/10.3.1/../../../../arm-none-eabi/lib/thumb/v7e-m+fp/hard/crt0.o (exit)
d:/stm32/stm32cubeide_1.11.0/stm32cubeide/plugins/com.st.stm32cube.ide.mcu.externaltools.gnu-tools-for-stm32.10.3-2021.10.win32_1.0.100.202210260954/tools/bin/../lib/gcc/arm-none-eabi/10.3.1/../../../../arm-none-eabi/lib/thumb/v7e-m+fp/hard\libc_nano.a(lib_a-impure.o)
                              d:/stm32/stm32cubeide_1.11.0/stm32cubeide/plugins/com.st.stm32cube.ide.mcu.externaltools.gnu-tools-for-stm32.10.3-2021.10.win32_1.0.100.202210260954/tools/bin/../lib/gcc/arm-none-eabi/10.3.1/../../../../arm-none-eabi/lib/thumb/v7e-m+fp/hard\libc_nano.a(lib_a-exit.o) (_global_impure_ptr)
d:/stm32/stm32cubeide_1.11.0/stm32cubeide/plugins/com.st.stm32cube.ide.mcu.externaltools.gnu-tools-for-stm32.10.3-2021.10.win32_1.0.100.202210260954/tools/bin/../lib/gcc/arm-none-eabi/10.3.1/../../../../arm-none-eabi/lib/thumb/v7e-m+fp/hard\libc_nano.a(lib_a-init.o)
                              d:/stm32/stm32cubeide_1.11.0/stm32cubeide/plugins/com.st.stm32cube.ide.mcu.externaltools.gnu-tools-for-stm32.10.3-2021.10.win32_1.0.100.202210260954/tools/bin/../lib/gcc/arm-none-eabi/10.3.1/../../../../arm-none-eabi/lib/thumb/v7e-m+fp/hard/crt0.o (__libc_init_array)
d:/stm32/stm32cubeide_1.11.0/stm32cubeide/plugins/com.st.stm32cube.ide.mcu.externaltools.gnu-tools-for-stm32.10.3-2021.10.win32_1.0.100.202210260954/tools/bin/../lib/gcc/arm-none-eabi/10.3.1/../../../../arm-none-eabi/lib/thumb/v7e-m+fp/hard\libc_nano.a(lib_a-memcmp.o)
                              ./ThirdParty/SEGGER/OS/SEGGER_SYSVIEW_FreeRTOS.o (memcmp)
d:/stm32/stm32cubeide_1.11.0/stm32cubeide/plugins/com.st.stm32cube.ide.mcu.externaltools.gnu-tools-for-stm32.10.3-2021.10.win32_1.0.100.202210260954/tools/bin/../lib/gcc/arm-none-eabi/10.3.1/../../../../arm-none-eabi/lib/thumb/v7e-m+fp/hard\libc_nano.a(lib_a-memcpy-stub.o)
                              ./ThirdParty/FreeRTOS/queue.o (memcpy)
d:/stm32/stm32cubeide_1.11.0/stm32cubeide/plugins/com.st.stm32cube.ide.mcu.externaltools.gnu-tools-for-stm32.10.3-2021.10.win32_1.0.100.202210260954/tools/bin/../lib/gcc/arm-none-eabi/10.3.1/../../../../arm-none-eabi/lib/thumb/v7e-m+fp/hard\libc_nano.a(lib_a-memset.o)
                              d:/stm32/stm32cubeide_1.11.0/stm32cubeide/plugins/com.st.stm32cube.ide.mcu.externaltools.gnu-tools-for-stm32.10.3-2021.10.win32_1.0.100.202210260954/tools/bin/../lib/gcc/arm-none-eabi/10.3.1/../../../../arm-none-eabi/lib/thumb/v7e-m+fp/hard/crt0.o (memset)
d:/stm32/stm32cubeide_1.11.0/stm32cubeide/plugins/com.st.stm32cube.ide.mcu.externaltools.gnu-tools-for-stm32.10.3-2021.10.win32_1.0.100.202210260954/tools/bin/../lib/gcc/arm-none-eabi/10.3.1/../../../../arm-none-eabi/lib/thumb/v7e-m+fp/hard\libc_nano.a(lib_a-snprintf.o)
                              ./Core/Src/main.o (snprintf)
d:/stm32/stm32cubeide_1.11.0/stm32cubeide/plugins/com.st.stm32cube.ide.mcu.externaltools.gnu-tools-for-stm32.10.3-2021.10.win32_1.0.100.202210260954/tools/bin/../lib/gcc/arm-none-eabi/10.3.1/../../../../arm-none-eabi/lib/thumb/v7e-m+fp/hard\libc_nano.a(lib_a-strlen.o)
                              ./ThirdParty/SEGGER/Segger/SEGGER_RTT.o (strlen)
d:/stm32/stm32cubeide_1.11.0/stm32cubeide/plugins/com.st.stm32cube.ide.mcu.externaltools.gnu-tools-for-stm32.10.3-2021.10.win32_1.0.100.202210260954/tools/bin/../lib/gcc/arm-none-eabi/10.3.1/../../../../arm-none-eabi/lib/thumb/v7e-m+fp/hard\libc_nano.a(lib_a-nano-svfprintf.o)
                              d:/stm32/stm32cubeide_1.11.0/stm32cubeide/plugins/com.st.stm32cube.ide.mcu.externaltools.gnu-tools-for-stm32.10.3-2021.10.win32_1.0.100.202210260954/tools/bin/../lib/gcc/arm-none-eabi/10.3.1/../../../../arm-none-eabi/lib/thumb/v7e-m+fp/hard\libc_nano.a(lib_a-snprintf.o) (_svfprintf_r)
d:/stm32/stm32cubeide_1.11.0/stm32cubeide/plugins/com.st.stm32cube.ide.mcu.externaltools.gnu-tools-for-stm32.10.3-2021.10.win32_1.0.100.202210260954/tools/bin/../lib/gcc/arm-none-eabi/10.3.1/../../../../arm-none-eabi/lib/thumb/v7e-m+fp/hard\libc_nano.a(lib_a-nano-vfprintf_i.o)
[...]
Memory Configuration

Name             Origin             Length             Attributes
RAM              0x0000000020000000 0x0000000000020000 xrw
FLASH            0x0000000008000000 0x0000000000080000 xr
*default*        0x0000000000000000 0xffffffffffffffff

Linker script and memory map

LOAD d:/stm32/stm32cubeide_1.11.0/stm32cubeide/plugins/com.st.stm32cube.ide.mcu.externaltools.gnu-tools-for-stm32.10.3-2021.10.win32_1.0.100.202210260954/tools/bin/../lib/gcc/arm-none-eabi/10.3.1/thumb/v7e-m+fp/hard/crti.o
LOAD d:/stm32/stm32cubeide_1.11.0/stm32cubeide/plugins/com.st.stm32cube.ide.mcu.externaltools.gnu-tools-for-stm32.10.3-2021.10.win32_1.0.100.202210260954/tools/bin/../lib/gcc/arm-none-eabi/10.3.1/thumb/v7e-m+fp/hard/crtbegin.o
LOAD d:/stm32/stm32cubeide_1.11.0/stm32cubeide/plugins/com.st.stm32cube.ide.mcu.externaltools.gnu-tools-for-stm32.10.3-2021.10.win32_1.0.100.202210260954/tools/bin/../lib/gcc/arm-none-eabi/10.3.1/../../../../arm-none-eabi/lib/thumb/v7e-m+fp/hard/crt0.o
LOAD ./Core/Src/main.o
LOAD ./Core/Src/stm32f4xx_hal_msp.o
LOAD ./Core/Src/stm32f4xx_hal_timebase_tim.o
LOAD ./Core/Src/stm32f4xx_it.o
LOAD ./Core/Src/syscalls.o
LOAD ./Core/Src/system_stm32f4xx.o
LOAD ./Core/Startup/startup_stm32f411retx.o
LOAD ./Drivers/STM32F4xx_HAL_Driver/Src/stm32f4xx_hal.o
LOAD ./Drivers/STM32F4xx_HAL_Driver/Src/stm32f4xx_hal_cortex.o
LOAD ./Drivers/STM32F4xx_HAL_Driver/Src/stm32f4xx_hal_dma.o
LOAD ./Drivers/STM32F4xx_HAL_Driver/Src/stm32f4xx_hal_dma_ex.o
LOAD ./Drivers/STM32F4xx_HAL_Driver/Src/stm32f4xx_hal_exti.o
LOAD ./Drivers/STM32F4xx_HAL_Driver/Src/stm32f4xx_hal_flash.o
LOAD ./Drivers/STM32F4xx_HAL_Driver/Src/stm32f4xx_hal_flash_ex.o
LOAD ./Drivers/STM32F4xx_HAL_Driver/Src/stm32f4xx_hal_flash_ramfunc.o
LOAD ./Drivers/STM32F4xx_HAL_Driver/Src/stm32f4xx_hal_gpio.o
LOAD ./Drivers/STM32F4xx_HAL_Driver/Src/stm32f4xx_hal_pwr.o
LOAD ./Drivers/STM32F4xx_HAL_Driver/Src/stm32f4xx_hal_pwr_ex.o
LOAD ./Drivers/STM32F4xx_HAL_Driver/Src/stm32f4xx_hal_rcc.o
LOAD ./Drivers/STM32F4xx_HAL_Driver/Src/stm32f4xx_hal_rcc_ex.o
LOAD ./Drivers/STM32F4xx_HAL_Driver/Src/stm32f4xx_hal_tim.o
LOAD ./Drivers/STM32F4xx_HAL_Driver/Src/stm32f4xx_hal_tim_ex.o
LOAD ./ThirdParty/FreeRTOS/croutine.o
LOAD ./ThirdParty/FreeRTOS/event_groups.o
LOAD ./ThirdParty/FreeRTOS/list.o
LOAD ./ThirdParty/FreeRTOS/queue.o
LOAD ./ThirdParty/FreeRTOS/stream_buffer.o
LOAD ./ThirdParty/FreeRTOS/tasks.o
LOAD ./ThirdParty/FreeRTOS/timers.o
LOAD ./ThirdParty/FreeRTOS/portable/GCC/ARM_CM4F/port.o
LOAD ./ThirdParty/FreeRTOS/portable/MemMang/heap_4.o
LOAD ./ThirdParty/SEGGER/Config/SEGGER_SYSVIEW_Config_FreeRTOS.o
LOAD ./ThirdParty/SEGGER/OS/SEGGER_SYSVIEW_FreeRTOS.o
LOAD ./ThirdParty/SEGGER/Rec/segger_uart.o
LOAD ./ThirdParty/SEGGER/Segger/SEGGER_RTT.o
LOAD ./ThirdParty/SEGGER/Segger/SEGGER_RTT_ASM_ARMv7M.o
LOAD ./ThirdParty/SEGGER/Segger/SEGGER_RTT_printf.o
LOAD ./ThirdParty/SEGGER/Segger/SEGGER_SYSVIEW.o
LOAD ./ThirdParty/SEGGER/Segger/Syscalls/SEGGER_RTT_Syscalls_GCC.o
START GROUP
LOAD d:/stm32/stm32cubeide_1.11.0/stm32cubeide/plugins/com.st.stm32cube.ide.mcu.externaltools.gnu-tools-for-stm32.10.3-2021.10.win32_1.0.100.202210260954/tools/bin/../lib/gcc/arm-none-eabi/10.3.1/../../../../arm-none-eabi/lib/thumb/v7e-m+fp/hard\libc_nano.a
LOAD d:/stm32/stm32cubeide_1.11.0/stm32cubeide/plugins/com.st.stm32cube.ide.mcu.externaltools.gnu-tools-for-stm32.10.3-2021.10.win32_1.0.100.202210260954/tools/bin/../lib/gcc/arm-none-eabi/10.3.1/../../../../arm-none-eabi/lib/thumb/v7e-m+fp/hard\libm.a
END GROUP
START GROUP
LOAD d:/stm32/stm32cubeide_1.11.0/stm32cubeide/plugins/com.st.stm32cube.ide.mcu.externaltools.gnu-tools-for-stm32.10.3-2021.10.win32_1.0.100.202210260954/tools/bin/../lib/gcc/arm-none-eabi/10.3.1/thumb/v7e-m+fp/hard\libgcc.a
LOAD d:/stm32/stm32cubeide_1.11.0/stm32cubeide/plugins/com.st.stm32cube.ide.mcu.externaltools.gnu-tools-for-stm32.10.3-2021.10.win32_1.0.100.202210260954/tools/bin/../lib/gcc/arm-none-eabi/10.3.1/../../../../arm-none-eabi/lib/thumb/v7e-m+fp/hard\libc_nano.a
END GROUP
START GROUP
LOAD d:/stm32/stm32cubeide_1.11.0/stm32cubeide/plugins/com.st.stm32cube.ide.mcu.externaltools.gnu-tools-for-stm32.10.3-2021.10.win32_1.0.100.202210260954/tools/bin/../lib/gcc/arm-none-eabi/10.3.1/thumb/v7e-m+fp/hard\libgcc.a
LOAD d:/stm32/stm32cubeide_1.11.0/stm32cubeide/plugins/com.st.stm32cube.ide.mcu.externaltools.gnu-tools-for-stm32.10.3-2021.10.win32_1.0.100.202210260954/tools/bin/../lib/gcc/arm-none-eabi/10.3.1/../../../../arm-none-eabi/lib/thumb/v7e-m+fp/hard\libc_nano.a
LOAD d:/stm32/stm32cubeide_1.11.0/stm32cubeide/plugins/com.st.stm32cube.ide.mcu.externaltools.gnu-tools-for-stm32.10.3-2021.10.win32_1.0.100.202210260954/tools/bin/../lib/gcc/arm-none-eabi/10.3.1/../../../../arm-none-eabi/lib/thumb/v7e-m+fp/hard\libnosys.a
END GROUP
START GROUP
LOAD d:/stm32/stm32cubeide_1.11.0/stm32cubeide/plugins/com.st.stm32cube.ide.mcu.externaltools.gnu-tools-for-stm32.10.3-2021.10.win32_1.0.100.202210260954/tools/bin/../lib/gcc/arm-none-eabi/10.3.1/thumb/v7e-m+fp/hard\libgcc.a
LOAD d:/stm32/stm32cubeide_1.11.0/stm32cubeide/plugins/com.st.stm32cube.ide.mcu.externaltools.gnu-tools-for-stm32.10.3-2021.10.win32_1.0.100.202210260954/tools/bin/../lib/gcc/arm-none-eabi/10.3.1/../../../../arm-none-eabi/lib/thumb/v7e-m+fp/hard\libc_nano.a
LOAD d:/stm32/stm32cubeide_1.11.0/stm32cubeide/plugins/com.st.stm32cube.ide.mcu.externaltools.gnu-tools-for-stm32.10.3-2021.10.win32_1.0.100.202210260954/tools/bin/../lib/gcc/arm-none-eabi/10.3.1/../../../../arm-none-eabi/lib/thumb/v7e-m+fp/hard\libnosys.a
END GROUP
LOAD d:/stm32/stm32cubeide_1.11.0/stm32cubeide/plugins/com.st.stm32cube.ide.mcu.externaltools.gnu-tools-for-stm32.10.3-2021.10.win32_1.0.100.202210260954/tools/bin/../lib/gcc/arm-none-eabi/10.3.1/thumb/v7e-m+fp/hard/crtend.o
LOAD d:/stm32/stm32cubeide_1.11.0/stm32cubeide/plugins/com.st.stm32cube.ide.mcu.externaltools.gnu-tools-for-stm32.10.3-2021.10.win32_1.0.100.202210260954/tools/bin/../lib/gcc/arm-none-eabi/10.3.1/thumb/v7e-m+fp/hard/crtn.o
                0x0000000020020000                _estack = (ORIGIN (RAM) + LENGTH (RAM))
                0x0000000000000200                _Min_Heap_Size = 0x200
                0x0000000000000400                _Min_Stack_Size = 0x400

.isr_vector     0x0000000008000000      0x198
                0x0000000008000000                . = ALIGN (0x4)
 *(.isr_vector)
 .isr_vector    0x0000000008000000      0x198 ./Core/Startup/startup_stm32f411retx.o
                0x0000000008000000                g_pfnVectors
                0x0000000008000198                . = ALIGN (0x4)

.text           0x00000000080001a0     0x74c4
                0x00000000080001a0                . = ALIGN (0x4)
 *(.text)
 .text          0x00000000080001a0       0x40 d:/stm32/stm32cubeide_1.11.0/stm32cubeide/plugins/com.st.stm32cube.ide.mcu.externaltools.gnu-tools-for-stm32.10.3-2021.10.win32_1.0.100.202210260954/tools/bin/../lib/gcc/arm-none-eabi/10.3.1/thumb/v7e-m+fp/hard/crtbegin.o
 .text          0x00000000080001e0       0x94 ./ThirdParty/SEGGER/Segger/SEGGER_RTT_ASM_ARMv7M.o
                0x00000000080001e0                SEGGER_RTT_ASM_WriteSkipNoLock
 *fill*         0x0000000008000274        0xc 
 .text          0x0000000008000280       0xa0 d:/stm32/stm32cubeide_1.11.0/stm32cubeide/plugins/com.st.stm32cube.ide.mcu.externaltools.gnu-tools-for-stm32.10.3-2021.10.win32_1.0.100.202210260954/tools/bin/../lib/gcc/arm-none-eabi/10.3.1/../../../../arm-none-eabi/lib/thumb/v7e-m+fp/hard\libc_nano.a(lib_a-memchr.o)
                0x0000000008000280                memchr
 .text          0x0000000008000320       0x30 d:/stm32/stm32cubeide_1.11.0/stm32cubeide/plugins/com.st.stm32cube.ide.mcu.externaltools.gnu-tools-for-stm32.10.3-2021.10.win32_1.0.100.202210260954/tools/bin/../lib/gcc/arm-none-eabi/10.3.1/thumb/v7e-m+fp/hard\libgcc.a(_aeabi_uldivmod.o)
                0x0000000008000320                __aeabi_uldivmod
 .text          0x0000000008000350      0x2d0 d:/stm32/stm32cubeide_1.11.0/stm32cubeide/plugins/com.st.stm32cube.ide.mcu.externaltools.gnu-tools-for-stm32.10.3-2021.10.win32_1.0.100.202210260954/tools/bin/../lib/gcc/arm-none-eabi/10.3.1/thumb/v7e-m+fp/hard\libgcc.a(_udivmoddi4.o)
                0x0000000008000350                __udivmoddi4
 .text          0x0000000008000620        0x4 d:/stm32/stm32cubeide_1.11.0/stm32cubeide/plugins/com.st.stm32cube.ide.mcu.externaltools.gnu-tools-for-stm32.10.3-2021.10.win32_1.0.100.202210260954/tools/bin/../lib/gcc/arm-none-eabi/10.3.1/thumb/v7e-m+fp/hard\libgcc.a(_dvmd_tls.o)
                0x0000000008000620                __aeabi_idiv0
                0x0000000008000620                __aeabi_ldiv0
 *(.text*)
 .text.main     0x0000000008000624       0xb4 ./Core/Src/main.o
                0x0000000008000624                main
 .text.SystemClock_Config
                0x00000000080006d8       0xd4 ./Core/Src/main.o
                0x00000000080006d8                SystemClock_Config
 .text.MX_GPIO_Init
                0x00000000080007ac       0xfc ./Core/Src/main.o
 .text.task1_handler
                0x00000000080008a8       0x40 ./Core/Src/main.o
 .text.task2_handler
                0x00000000080008e8       0x40 ./Core/Src/main.o
 .text.HAL_TIM_PeriodElapsedCallback
                0x0000000008000928       0x24 ./Core/Src/main.o
                0x0000000008000928                HAL_TIM_PeriodElapsedCallback
 .text.Error_Handler
                0x000000000800094c        0xa ./Core/Src/main.o
                0x000000000800094c                Error_Handler
 *fill*         0x0000000008000956        0x2 
 .text.HAL_MspInit
                0x0000000008000958       0x50 ./Core/Src/stm32f4xx_hal_msp.o
                0x0000000008000958                HAL_MspInit
 .text.HAL_InitTick
                0x00000000080009a8       0xf8 ./Core/Src/stm32f4xx_hal_timebase_tim.o
                0x00000000080009a8                HAL_InitTick
 .text.NMI_Handler
                0x0000000008000aa0        0x6 ./Core/Src/stm32f4xx_it.o
                0x0000000008000aa0                NMI_Handler
 .text.HardFault_Handler
                0x0000000008000aa6        0x6 ./Core/Src/stm32f4xx_it.o
                0x0000000008000aa6                HardFault_Handler
 .text.MemManage_Handler
                0x0000000008000aac        0x6 ./Core/Src/stm32f4xx_it.o
                0x0000000008000aac                MemManage_Handler
 .text.BusFault_Handler
                0x0000000008000ab2        0x6 ./Core/Src/stm32f4xx_it.o
                0x0000000008000ab2                BusFault_Handler
 .text.UsageFault_Handler
                0x0000000008000ab8        0x6 ./Core/Src/stm32f4xx_it.o
                0x0000000008000ab8                UsageFault_Handler
 .text.DebugMon_Handler
                0x0000000008000abe        0xe ./Core/Src/stm32f4xx_it.o
                0x0000000008000abe                DebugMon_Handler
 .text.TIM5_IRQHandler
                0x0000000008000acc       0x14 ./Core/Src/stm32f4xx_it.o
                0x0000000008000acc                TIM5_IRQHandler
 .text.SystemInit
                0x0000000008000ae0       0x24 ./Core/Src/system_stm32f4xx.o
                0x0000000008000ae0                SystemInit
 .text.Reset_Handler
                0x0000000008000b04       0x50 ./Core/Startup/startup_stm32f411retx.o
                0x0000000008000b04                Reset_Handler
 .text.Default_Handler
                0x0000000008000b54        0x2 ./Core/Startup/startup_stm32f411retx.o
                0x0000000008000b54                RTC_Alarm_IRQHandler
                0x0000000008000b54                EXTI2_IRQHandler
                0x0000000008000b54                SPI4_IRQHandler
                0x0000000008000b54                TIM1_CC_IRQHandler
                0x0000000008000b54                DMA2_Stream5_IRQHandler
                0x0000000008000b54                DMA1_Stream5_IRQHandler
                0x0000000008000b54                PVD_IRQHandler
                0x0000000008000b54                SDIO_IRQHandler
                0x0000000008000b54                TAMP_STAMP_IRQHandler
                0x0000000008000b54                EXTI3_IRQHandler
                0x0000000008000b54                TIM1_UP_TIM10_IRQHandler
                0x0000000008000b54                I2C3_ER_IRQHandler
                0x0000000008000b54                EXTI0_IRQHandler
                0x0000000008000b54                I2C2_EV_IRQHandler
                0x0000000008000b54                DMA1_Stream2_IRQHandler
                0x0000000008000b54                FPU_IRQHandler
                0x0000000008000b54                DMA2_Stream2_IRQHandler
                0x0000000008000b54                SPI1_IRQHandler
                0x0000000008000b54                TIM1_BRK_TIM9_IRQHandler
                0x0000000008000b54                DMA2_Stream3_IRQHandler
                0x0000000008000b54                USART6_IRQHandler
                0x0000000008000b54                DMA2_Stream0_IRQHandler
                0x0000000008000b54                TIM4_IRQHandler
                0x0000000008000b54                I2C1_EV_IRQHandler
                0x0000000008000b54                DMA1_Stream6_IRQHandler
                0x0000000008000b54                DMA1_Stream1_IRQHandler
                0x0000000008000b54                TIM3_IRQHandler
                0x0000000008000b54                RCC_IRQHandler
                0x0000000008000b54                Default_Handler
                0x0000000008000b54                EXTI15_10_IRQHandler
                0x0000000008000b54                ADC_IRQHandler
                0x0000000008000b54                DMA1_Stream7_IRQHandler
                0x0000000008000b54                SPI5_IRQHandler
                0x0000000008000b54                DMA2_Stream7_IRQHandler
                0x0000000008000b54                I2C3_EV_IRQHandler
                0x0000000008000b54                EXTI9_5_IRQHandler
                0x0000000008000b54                RTC_WKUP_IRQHandler
                0x0000000008000b54                SPI2_IRQHandler
                0x0000000008000b54                DMA1_Stream0_IRQHandler
                0x0000000008000b54                EXTI4_IRQHandler
                0x0000000008000b54                WWDG_IRQHandler
                0x0000000008000b54                TIM2_IRQHandler
                0x0000000008000b54                OTG_FS_WKUP_IRQHandler
                0x0000000008000b54                TIM1_TRG_COM_TIM11_IRQHandler
                0x0000000008000b54                EXTI1_IRQHandler
                0x0000000008000b54                I2C2_ER_IRQHandler
                0x0000000008000b54                DMA2_Stream1_IRQHandler
                0x0000000008000b54                FLASH_IRQHandler
                0x0000000008000b54                DMA2_Stream4_IRQHandler
                0x0000000008000b54                USART1_IRQHandler
                0x0000000008000b54                OTG_FS_IRQHandler
                0x0000000008000b54                SPI3_IRQHandler
                0x0000000008000b54                DMA1_Stream4_IRQHandler
                0x0000000008000b54                I2C1_ER_IRQHandler
                0x0000000008000b54                DMA2_Stream6_IRQHandler
                0x0000000008000b54                DMA1_Stream3_IRQHandler
 *fill*         0x0000000008000b56        0x2 
 .text.HAL_Init
                0x0000000008000b58       0x44 ./Drivers/STM32F4xx_HAL_Driver/Src/stm32f4xx_hal.o
                0x0000000008000b58                HAL_Init
 .text.HAL_IncTick
                0x0000000008000b9c       0x28 ./Drivers/STM32F4xx_HAL_Driver/Src/stm32f4xx_hal.o
                0x0000000008000b9c                HAL_IncTick
 .text.HAL_GetTick
                0x0000000008000bc4       0x18 ./Drivers/STM32F4xx_HAL_Driver/Src/stm32f4xx_hal.o
                0x0000000008000bc4                HAL_GetTick
 .text.HAL_Delay
                0x0000000008000bdc       0x48 ./Drivers/STM32F4xx_HAL_Driver/Src/stm32f4xx_hal.o
                0x0000000008000bdc                HAL_Delay
 .text.__NVIC_SetPriorityGrouping
                0x0000000008000c24       0x48 ./Drivers/STM32F4xx_HAL_Driver/Src/stm32f4xx_hal_cortex.o
 .text.__NVIC_GetPriorityGrouping
                0x0000000008000c6c       0x1c ./Drivers/STM32F4xx_HAL_Driver/Src/stm32f4xx_hal_cortex.o
 .text.__NVIC_EnableIRQ
                0x0000000008000c88       0x3c ./Drivers/STM32F4xx_HAL_Driver/Src/stm32f4xx_hal_cortex.o
 .text.__NVIC_SetPriority
                0x0000000008000cc4       0x54 ./Drivers/STM32F4xx_HAL_Driver/Src/stm32f4xx_hal_cortex.o
 .text.NVIC_EncodePriority
                0x0000000008000d18       0x66 ./Drivers/STM32F4xx_HAL_Driver/Src/stm32f4xx_hal_cortex.o
 .text.HAL_NVIC_SetPriorityGrouping
                0x0000000008000d7e       0x16 ./Drivers/STM32F4xx_HAL_Driver/Src/stm32f4xx_hal_cortex.o
                0x0000000008000d7e                HAL_NVIC_SetPriorityGrouping
 .text.HAL_NVIC_SetPriority
                0x0000000008000d94       0x38 ./Drivers/STM32F4xx_HAL_Driver/Src/stm32f4xx_hal_cortex.o
                0x0000000008000d94                HAL_NVIC_SetPriority
 .text.HAL_NVIC_EnableIRQ
                0x0000000008000dcc       0x1c ./Drivers/STM32F4xx_HAL_Driver/Src/stm32f4xx_hal_cortex.o
                0x0000000008000dcc                HAL_NVIC_EnableIRQ
 .text.HAL_GPIO_Init
                0x0000000008000de8      0x308 ./Drivers/STM32F4xx_HAL_Driver/Src/stm32f4xx_hal_gpio.o
                0x0000000008000de8                HAL_GPIO_Init
 .text.HAL_GPIO_WritePin
                0x00000000080010f0       0x32 ./Drivers/STM32F4xx_HAL_Driver/Src/stm32f4xx_hal_gpio.o
                0x00000000080010f0                HAL_GPIO_WritePin
 *fill*         0x0000000008001122        0x2 
 .text.HAL_RCC_OscConfig
                0x0000000008001124      0x4f0 ./Drivers/STM32F4xx_HAL_Driver/Src/stm32f4xx_hal_rcc.o
                0x0000000008001124                HAL_RCC_OscConfig
 .text.HAL_RCC_ClockConfig
                0x0000000008001614      0x1cc ./Drivers/STM32F4xx_HAL_Driver/Src/stm32f4xx_hal_rcc.o
                0x0000000008001614                HAL_RCC_ClockConfig
 .text.HAL_RCC_GetSysClockFreq
                0x00000000080017e0      0x20c ./Drivers/STM32F4xx_HAL_Driver/Src/stm32f4xx_hal_rcc.o
                0x00000000080017e0                HAL_RCC_GetSysClockFreq
 .text.HAL_RCC_GetHCLKFreq
                0x00000000080019ec       0x18 ./Drivers/STM32F4xx_HAL_Driver/Src/stm32f4xx_hal_rcc.o
                0x00000000080019ec                HAL_RCC_GetHCLKFreq
 .text.HAL_RCC_GetPCLK1Freq
                0x0000000008001a04       0x28 ./Drivers/STM32F4xx_HAL_Driver/Src/stm32f4xx_hal_rcc.o
                0x0000000008001a04                HAL_RCC_GetPCLK1Freq
 .text.HAL_RCC_GetClockConfig
                0x0000000008001a2c       0x64 ./Drivers/STM32F4xx_HAL_Driver/Src/stm32f4xx_hal_rcc.o
                0x0000000008001a2c                HAL_RCC_GetClockConfig
 .text.HAL_TIM_Base_Init
                0x0000000008001a90       0x9e ./Drivers/STM32F4xx_HAL_Driver/Src/stm32f4xx_hal_tim.o
                0x0000000008001a90                HAL_TIM_Base_Init
 .text.HAL_TIM_Base_MspInit
                0x0000000008001b2e       0x14 ./Drivers/STM32F4xx_HAL_Driver/Src/stm32f4xx_hal_tim.o
                0x0000000008001b2e                HAL_TIM_Base_MspInit
 *fill*         0x0000000008001b42        0x2 
 .text.HAL_TIM_Base_Start_IT
                0x0000000008001b44       0xc4 ./Drivers/STM32F4xx_HAL_Driver/Src/stm32f4xx_hal_tim.o
                0x0000000008001b44                HAL_TIM_Base_Start_IT
 .text.HAL_TIM_IRQHandler
                0x0000000008001c08      0x210 ./Drivers/STM32F4xx_HAL_Driver/Src/stm32f4xx_hal_tim.o
                0x0000000008001c08                HAL_TIM_IRQHandler
 .text.HAL_TIM_OC_DelayElapsedCallback
                0x0000000008001e18       0x14 ./Drivers/STM32F4xx_HAL_Driver/Src/stm32f4xx_hal_tim.o
                0x0000000008001e18                HAL_TIM_OC_DelayElapsedCallback
 .text.HAL_TIM_IC_CaptureCallback
                0x0000000008001e2c       0x14 ./Drivers/STM32F4xx_HAL_Driver/Src/stm32f4xx_hal_tim.o
                0x0000000008001e2c                HAL_TIM_IC_CaptureCallback
 .text.HAL_TIM_PWM_PulseFinishedCallback
                0x0000000008001e40       0x14 ./Drivers/STM32F4xx_HAL_Driver/Src/stm32f4xx_hal_tim.o
                0x0000000008001e40                HAL_TIM_PWM_PulseFinishedCallback
 .text.HAL_TIM_TriggerCallback
                0x0000000008001e54       0x14 ./Drivers/STM32F4xx_HAL_Driver/Src/stm32f4xx_hal_tim.o
                0x0000000008001e54                HAL_TIM_TriggerCallback
 .text.TIM_Base_SetConfig
                0x0000000008001e68      0x100 ./Drivers/STM32F4xx_HAL_Driver/Src/stm32f4xx_hal_tim.o
                0x0000000008001e68                TIM_Base_SetConfig
 .text.HAL_TIMEx_CommutCallback
                0x0000000008001f68       0x14 ./Drivers/STM32F4xx_HAL_Driver/Src/stm32f4xx_hal_tim_ex.o
                0x0000000008001f68                HAL_TIMEx_CommutCallback
 .text.HAL_TIMEx_BreakCallback
                0x0000000008001f7c       0x14 ./Drivers/STM32F4xx_HAL_Driver/Src/stm32f4xx_hal_tim_ex.o
                0x0000000008001f7c                HAL_TIMEx_BreakCallback
 .text.vListInitialise
                0x0000000008001f90       0x40 ./ThirdParty/FreeRTOS/list.o
                0x0000000008001f90                vListInitialise
 .text.vListInitialiseItem
                0x0000000008001fd0       0x1a ./ThirdParty/FreeRTOS/list.o
                0x0000000008001fd0                vListInitialiseItem
 .text.vListInsert
                0x0000000008001fea       0x72 ./ThirdParty/FreeRTOS/list.o
                0x0000000008001fea                vListInsert
 .text.uxListRemove
                0x000000000800205c       0x54 ./ThirdParty/FreeRTOS/list.o
                0x000000000800205c                uxListRemove
 .text.xQueueGenericReset
                0x00000000080020b0      0x104 ./ThirdParty/FreeRTOS/queue.o
                0x00000000080020b0                xQueueGenericReset
 .text.xQueueGenericCreate
                0x00000000080021b4       0x9c ./ThirdParty/FreeRTOS/queue.o
                0x00000000080021b4                xQueueGenericCreate
 .text.prvInitialiseNewQueue
                0x0000000008002250       0x52 ./ThirdParty/FreeRTOS/queue.o
 *fill*         0x00000000080022a2        0x2 
 .text.xQueueReceive
                0x00000000080022a4      0x20c ./ThirdParty/FreeRTOS/queue.o
                0x00000000080022a4                xQueueReceive
 .text.prvCopyDataFromQueue
                0x00000000080024b0       0x4c ./ThirdParty/FreeRTOS/queue.o
 .text.prvUnlockQueue
                0x00000000080024fc       0xa4 ./ThirdParty/FreeRTOS/queue.o
 .text.prvIsQueueEmpty
                0x00000000080025a0       0x2c ./ThirdParty/FreeRTOS/queue.o
 .text.vQueueAddToRegistry
                0x00000000080025cc       0xac ./ThirdParty/FreeRTOS/queue.o
                0x00000000080025cc                vQueueAddToRegistry
 .text.vQueueWaitForMessageRestricted
                0x0000000008002678       0x68 ./ThirdParty/FreeRTOS/queue.o
                0x0000000008002678                vQueueWaitForMessageRestricted
 .text.xTaskCreate
                0x00000000080026e0       0x8c ./ThirdParty/FreeRTOS/tasks.o
                0x00000000080026e0                xTaskCreate
 .text.prvInitialiseNewTask
                0x000000000800276c      0x11c ./ThirdParty/FreeRTOS/tasks.o
 .text.prvAddNewTaskToReadyList
                0x0000000008002888      0x14c ./ThirdParty/FreeRTOS/tasks.o
 .text.vTaskStartScheduler
                0x00000000080029d4       0xc4 ./ThirdParty/FreeRTOS/tasks.o
                0x00000000080029d4                vTaskStartScheduler
 .text.vTaskSuspendAll
                0x0000000008002a98       0x1c ./ThirdParty/FreeRTOS/tasks.o
                0x0000000008002a98                vTaskSuspendAll
 .text.xTaskResumeAll
                0x0000000008002ab4      0x1e4 ./ThirdParty/FreeRTOS/tasks.o
                0x0000000008002ab4                xTaskResumeAll
 .text.xTaskGetTickCount
                0x0000000008002c98       0x20 ./ThirdParty/FreeRTOS/tasks.o
                0x0000000008002c98                xTaskGetTickCount
 .text.xTaskGetTickCountFromISR
                0x0000000008002cb8       0x24 ./ThirdParty/FreeRTOS/tasks.o
                0x0000000008002cb8                xTaskGetTickCountFromISR
 .text.xTaskIncrementTick
                0x0000000008002cdc      0x1f0 ./ThirdParty/FreeRTOS/tasks.o
                0x0000000008002cdc                xTaskIncrementTick
 .text.vTaskSwitchContext
                0x0000000008002ecc       0xd4 ./ThirdParty/FreeRTOS/tasks.o
                0x0000000008002ecc                vTaskSwitchContext
 .text.vTaskPlaceOnEventList
                0x0000000008002fa0       0x48 ./ThirdParty/FreeRTOS/tasks.o
                0x0000000008002fa0                vTaskPlaceOnEventList
 .text.vTaskPlaceOnEventListRestricted
                0x0000000008002fe8       0x90 ./ThirdParty/FreeRTOS/tasks.o
                0x0000000008002fe8                vTaskPlaceOnEventListRestricted
 .text.xTaskRemoveFromEventList
                0x0000000008003078      0x1b0 ./ThirdParty/FreeRTOS/tasks.o
                0x0000000008003078                xTaskRemoveFromEventList
 .text.vTaskInternalSetTimeOutState
                0x0000000008003228       0x2c ./ThirdParty/FreeRTOS/tasks.o
                0x0000000008003228                vTaskInternalSetTimeOutState
 .text.xTaskCheckForTimeOut
                0x0000000008003254       0xcc ./ThirdParty/FreeRTOS/tasks.o
                0x0000000008003254                xTaskCheckForTimeOut
 .text.vTaskMissedYield
                0x0000000008003320       0x18 ./ThirdParty/FreeRTOS/tasks.o
                0x0000000008003320                vTaskMissedYield
 .text.prvIdleTask
                0x0000000008003338       0x24 ./ThirdParty/FreeRTOS/tasks.o
 .text.prvInitialiseTaskLists
                0x000000000800335c       0x80 ./ThirdParty/FreeRTOS/tasks.o
 .text.prvCheckTasksWaitingTermination
                0x00000000080033dc       0x5c ./ThirdParty/FreeRTOS/tasks.o
 .text.prvDeleteTCB
                0x0000000008003438       0x20 ./ThirdParty/FreeRTOS/tasks.o
 .text.prvResetNextTaskUnblockTime
                0x0000000008003458       0x38 ./ThirdParty/FreeRTOS/tasks.o
 .text.xTaskGetSchedulerState
                0x0000000008003490       0x3c ./ThirdParty/FreeRTOS/tasks.o
                0x0000000008003490                xTaskGetSchedulerState
 .text.prvAddCurrentTaskToDelayedList
                0x00000000080034cc      0x100 ./ThirdParty/FreeRTOS/tasks.o
 .text.xTimerCreateTimerTask
                0x00000000080035cc       0x64 ./ThirdParty/FreeRTOS/timers.o
                0x00000000080035cc                xTimerCreateTimerTask
 .text.prvReloadTimer
                0x0000000008003630       0x42 ./ThirdParty/FreeRTOS/timers.o
 *fill*         0x0000000008003672        0x2 
 .text.prvProcessExpiredTimer
                0x0000000008003674       0x60 ./ThirdParty/FreeRTOS/timers.o
 .text.prvTimerTask
                0x00000000080036d4       0x24 ./ThirdParty/FreeRTOS/timers.o
 .text.prvProcessTimerOrBlockTask
                0x00000000080036f8       0x9c ./ThirdParty/FreeRTOS/timers.o
 .text.prvGetNextExpireTime
                0x0000000008003794       0x48 ./ThirdParty/FreeRTOS/timers.o
 .text.prvSampleTimeNow
                0x00000000080037dc       0x40 ./ThirdParty/FreeRTOS/timers.o
 .text.prvInsertTimerInActiveList
                0x000000000800381c       0x84 ./ThirdParty/FreeRTOS/timers.o
 .text.prvProcessReceivedCommands
                0x00000000080038a0      0x17c ./ThirdParty/FreeRTOS/timers.o
 .text.prvSwitchTimerLists
                0x0000000008003a1c       0x4c ./ThirdParty/FreeRTOS/timers.o
 .text.prvCheckForValidListAndQueue
                0x0000000008003a68       0x6c ./ThirdParty/FreeRTOS/timers.o
 .text.pxPortInitialiseStack
                0x0000000008003ad4       0x68 ./ThirdParty/FreeRTOS/portable/GCC/ARM_CM4F/port.o
                0x0000000008003ad4                pxPortInitialiseStack
 .text.prvTaskExitError
                0x0000000008003b3c       0x58 ./ThirdParty/FreeRTOS/portable/GCC/ARM_CM4F/port.o
 *fill*         0x0000000008003b94        0xc 
 .text.SVC_Handler
                0x0000000008003ba0       0x28 ./ThirdParty/FreeRTOS/portable/GCC/ARM_CM4F/port.o
                0x0000000008003ba0                SVC_Handler
 .text.prvPortStartFirstTask
                0x0000000008003bc8       0x2c ./ThirdParty/FreeRTOS/portable/GCC/ARM_CM4F/port.o
 .text.xPortStartScheduler
                0x0000000008003bf4      0x144 ./ThirdParty/FreeRTOS/portable/GCC/ARM_CM4F/port.o
                0x0000000008003bf4                xPortStartScheduler
 .text.vInitPrioGroupValue
                0x0000000008003d38       0xfc ./ThirdParty/FreeRTOS/portable/GCC/ARM_CM4F/port.o
                0x0000000008003d38                vInitPrioGroupValue
 .text.vPortEnterCritical
                0x0000000008003e34       0x60 ./ThirdParty/FreeRTOS/portable/GCC/ARM_CM4F/port.o
                0x0000000008003e34                vPortEnterCritical
 .text.vPortExitCritical
                0x0000000008003e94       0x54 ./ThirdParty/FreeRTOS/portable/GCC/ARM_CM4F/port.o
                0x0000000008003e94                vPortExitCritical
 *fill*         0x0000000008003ee8        0x8 
 .text.PendSV_Handler
                0x0000000008003ef0       0x68 ./ThirdParty/FreeRTOS/portable/GCC/ARM_CM4F/port.o
                0x0000000008003ef0                PendSV_Handler
 .text.SysTick_Handler
                0x0000000008003f58       0x54 ./ThirdParty/FreeRTOS/portable/GCC/ARM_CM4F/port.o
                0x0000000008003f58                SysTick_Handler
 .text.vPortSetupTimerInterrupt
                0x0000000008003fac       0x48 ./ThirdParty/FreeRTOS/portable/GCC/ARM_CM4F/port.o
                0x0000000008003fac                vPortSetupTimerInterrupt
 .text.vPortEnableVFP
                0x0000000008003ff4       0x18 ./ThirdParty/FreeRTOS/portable/GCC/ARM_CM4F/port.o
 .text.vPortValidateInterruptPriority
                0x000000000800400c       0x80 ./ThirdParty/FreeRTOS/portable/GCC/ARM_CM4F/port.o
                0x000000000800400c                vPortValidateInterruptPriority
 .text.pvPortMalloc
                0x000000000800408c      0x174 ./ThirdParty/FreeRTOS/portable/MemMang/heap_4.o
                0x000000000800408c                pvPortMalloc
 .text.vPortFree
                0x0000000008004200       0xb8 ./ThirdParty/FreeRTOS/portable/MemMang/heap_4.o
                0x0000000008004200                vPortFree
 .text.prvHeapInit
                0x00000000080042b8       0xb8 ./ThirdParty/FreeRTOS/portable/MemMang/heap_4.o
 .text.prvInsertBlockIntoFreeList
                0x0000000008004370       0xb4 ./ThirdParty/FreeRTOS/portable/MemMang/heap_4.o
 .text._cbSendSystemDesc
                0x0000000008004424       0x1c ./ThirdParty/SEGGER/Config/SEGGER_SYSVIEW_Config_FreeRTOS.o
 .text.SEGGER_SYSVIEW_Conf
                0x0000000008004440       0x2c ./ThirdParty/SEGGER/Config/SEGGER_SYSVIEW_Config_FreeRTOS.o
                0x0000000008004440                SEGGER_SYSVIEW_Conf
 .text._cbSendTaskList
                0x000000000800446c       0x90 ./ThirdParty/SEGGER/OS/SEGGER_SYSVIEW_FreeRTOS.o
 .text._cbGetTime
                0x00000000080044fc       0x86 ./ThirdParty/SEGGER/OS/SEGGER_SYSVIEW_FreeRTOS.o
 *fill*         0x0000000008004582        0x2 
 .text.SYSVIEW_AddTask
                0x0000000008004584       0xd0 ./ThirdParty/SEGGER/OS/SEGGER_SYSVIEW_FreeRTOS.o
                0x0000000008004584                SYSVIEW_AddTask
 .text.SYSVIEW_SendTaskInfo
                0x0000000008004654       0x42 ./ThirdParty/SEGGER/OS/SEGGER_SYSVIEW_FreeRTOS.o
                0x0000000008004654                SYSVIEW_SendTaskInfo
 *fill*         0x0000000008004696        0x2 
 .text.__NVIC_EnableIRQ
                0x0000000008004698       0x3c ./ThirdParty/SEGGER/Rec/segger_uart.o
 .text.__NVIC_SetPriority
                0x00000000080046d4       0x54 ./ThirdParty/SEGGER/Rec/segger_uart.o
 .text._StartSysView
                0x0000000008004728       0x1e ./ThirdParty/SEGGER/Rec/segger_uart.o
 *fill*         0x0000000008004746        0x2 
 .text._cbOnUARTRx
                0x0000000008004748       0x40 ./ThirdParty/SEGGER/Rec/segger_uart.o
 .text._cbOnUARTTx
                0x0000000008004788       0x64 ./ThirdParty/SEGGER/Rec/segger_uart.o
 .text.SEGGER_UART_init
                0x00000000080047ec       0x24 ./ThirdParty/SEGGER/Rec/segger_uart.o
                0x00000000080047ec                SEGGER_UART_init
 .text.USART2_IRQHandler
                0x0000000008004810       0x94 ./ThirdParty/SEGGER/Rec/segger_uart.o
                0x0000000008004810                USART2_IRQHandler
 .text.HIF_UART_EnableTXEInterrupt
                0x00000000080048a4       0x20 ./ThirdParty/SEGGER/Rec/segger_uart.o
                0x00000000080048a4                HIF_UART_EnableTXEInterrupt
 .text.HIF_UART_Init
                0x00000000080048c4       0xf4 ./ThirdParty/SEGGER/Rec/segger_uart.o
                0x00000000080048c4                HIF_UART_Init
 .text._DoInit  0x00000000080049b8       0xb4 ./ThirdParty/SEGGER/Segger/SEGGER_RTT.o
 .text._WriteBlocking
                0x0000000008004a6c       0xba ./ThirdParty/SEGGER/Segger/SEGGER_RTT.o
 .text._WriteNoCheck
                0x0000000008004b26       0x90 ./ThirdParty/SEGGER/Segger/SEGGER_RTT.o
 .text._GetAvailWriteSpace
                0x0000000008004bb6       0x46 ./ThirdParty/SEGGER/Segger/SEGGER_RTT.o
 .text.SEGGER_RTT_ReadUpBufferNoLock
                0x0000000008004bfc      0x10c ./ThirdParty/SEGGER/Segger/SEGGER_RTT.o
                0x0000000008004bfc                SEGGER_RTT_ReadUpBufferNoLock
 .text.SEGGER_RTT_ReadNoLock
                0x0000000008004d08      0x10c ./ThirdParty/SEGGER/Segger/SEGGER_RTT.o
                0x0000000008004d08                SEGGER_RTT_ReadNoLock
 .text.SEGGER_RTT_WriteDownBufferNoLock
                0x0000000008004e14       0xa0 ./ThirdParty/SEGGER/Segger/SEGGER_RTT.o
                0x0000000008004e14                SEGGER_RTT_WriteDownBufferNoLock
 .text.SEGGER_RTT_WriteDownBuffer
                0x0000000008004eb4       0x4c ./ThirdParty/SEGGER/Segger/SEGGER_RTT.o
                0x0000000008004eb4                SEGGER_RTT_WriteDownBuffer
 .text.SEGGER_RTT_AllocUpBuffer
                0x0000000008004f00      0x108 ./ThirdParty/SEGGER/Segger/SEGGER_RTT.o
                0x0000000008004f00                SEGGER_RTT_AllocUpBuffer
 .text.SEGGER_RTT_ConfigDownBuffer
                0x0000000008005008       0x98 ./ThirdParty/SEGGER/Segger/SEGGER_RTT.o
                0x0000000008005008                SEGGER_RTT_ConfigDownBuffer
 .text._EncodeStr
                0x00000000080050a0       0xa0 ./ThirdParty/SEGGER/Segger/SEGGER_SYSVIEW.o
 .text._PreparePacket
                0x0000000008005140       0x18 ./ThirdParty/SEGGER/Segger/SEGGER_SYSVIEW.o
 .text._HandleIncomingPacket
                0x0000000008005158       0xe0 ./ThirdParty/SEGGER/Segger/SEGGER_SYSVIEW.o
 .text._TrySendOverflowPacket
                0x0000000008005238       0xe8 ./ThirdParty/SEGGER/Segger/SEGGER_SYSVIEW.o
 .text._SendPacket
                0x0000000008005320      0x2e0 ./ThirdParty/SEGGER/Segger/SEGGER_SYSVIEW.o
 .text._StoreChar
                0x0000000008005600       0xf6 ./ThirdParty/SEGGER/Segger/SEGGER_SYSVIEW.o
 *fill*         0x00000000080056f6        0x2 
 .text._PrintUnsigned
                0x00000000080056f8      0x12c ./ThirdParty/SEGGER/Segger/SEGGER_SYSVIEW.o
 .text._PrintInt
                0x0000000008005824      0x11e ./ThirdParty/SEGGER/Segger/SEGGER_SYSVIEW.o
 *fill*         0x0000000008005942        0x2 
 .text._VPrintTarget
                0x0000000008005944      0x3f0 ./ThirdParty/SEGGER/Segger/SEGGER_SYSVIEW.o
 .text.SEGGER_SYSVIEW_Init
                0x0000000008005d34       0x88 ./ThirdParty/SEGGER/Segger/SEGGER_SYSVIEW.o
                0x0000000008005d34                SEGGER_SYSVIEW_Init
 .text.SEGGER_SYSVIEW_SetRAMBase
                0x0000000008005dbc       0x20 ./ThirdParty/SEGGER/Segger/SEGGER_SYSVIEW.o
                0x0000000008005dbc                SEGGER_SYSVIEW_SetRAMBase
 .text.SEGGER_SYSVIEW_RecordVoid
                0x0000000008005ddc       0x3c ./ThirdParty/SEGGER/Segger/SEGGER_SYSVIEW.o
                0x0000000008005ddc                SEGGER_SYSVIEW_RecordVoid
 .text.SEGGER_SYSVIEW_RecordU32
                0x0000000008005e18       0x78 ./ThirdParty/SEGGER/Segger/SEGGER_SYSVIEW.o
                0x0000000008005e18                SEGGER_SYSVIEW_RecordU32
 .text.SEGGER_SYSVIEW_RecordU32x2
                0x0000000008005e90       0xb4 ./ThirdParty/SEGGER/Segger/SEGGER_SYSVIEW.o
                0x0000000008005e90                SEGGER_SYSVIEW_RecordU32x2
 .text.SEGGER_SYSVIEW_RecordU32x3
                0x0000000008005f44       0xec ./ThirdParty/SEGGER/Segger/SEGGER_SYSVIEW.o
                0x0000000008005f44                SEGGER_SYSVIEW_RecordU32x3
 .text.SEGGER_SYSVIEW_RecordU32x4
                0x0000000008006030      0x124 ./ThirdParty/SEGGER/Segger/SEGGER_SYSVIEW.o
                0x0000000008006030                SEGGER_SYSVIEW_RecordU32x4
 .text.SEGGER_SYSVIEW_Start
                0x0000000008006154      0x178 ./ThirdParty/SEGGER/Segger/SEGGER_SYSVIEW.o
                0x0000000008006154                SEGGER_SYSVIEW_Start
 .text.SEGGER_SYSVIEW_Stop
                0x00000000080062cc       0x4c ./ThirdParty/SEGGER/Segger/SEGGER_SYSVIEW.o
                0x00000000080062cc                SEGGER_SYSVIEW_Stop
 .text.SEGGER_SYSVIEW_GetSysDesc
                0x0000000008006318      0x134 ./ThirdParty/SEGGER/Segger/SEGGER_SYSVIEW.o
                0x0000000008006318                SEGGER_SYSVIEW_GetSysDesc
 .text.SEGGER_SYSVIEW_SendTaskInfo
                0x000000000800644c      0x1c8 ./ThirdParty/SEGGER/Segger/SEGGER_SYSVIEW.o
                0x000000000800644c                SEGGER_SYSVIEW_SendTaskInfo
 .text.SEGGER_SYSVIEW_SendTaskList
                0x0000000008006614       0x28 ./ThirdParty/SEGGER/Segger/SEGGER_SYSVIEW.o
                0x0000000008006614                SEGGER_SYSVIEW_SendTaskList
 .text.SEGGER_SYSVIEW_SendSysDesc
                0x000000000800663c       0x48 ./ThirdParty/SEGGER/Segger/SEGGER_SYSVIEW.o
                0x000000000800663c                SEGGER_SYSVIEW_SendSysDesc
 .text.SEGGER_SYSVIEW_RecordSystime
                0x0000000008006684       0x64 ./ThirdParty/SEGGER/Segger/SEGGER_SYSVIEW.o
                0x0000000008006684                SEGGER_SYSVIEW_RecordSystime
 .text.SEGGER_SYSVIEW_RecordEnterISR
                0x00000000080066e8       0x84 ./ThirdParty/SEGGER/Segger/SEGGER_SYSVIEW.o
                0x00000000080066e8                SEGGER_SYSVIEW_RecordEnterISR
 .text.SEGGER_SYSVIEW_RecordExitISR
                0x000000000800676c       0x38 ./ThirdParty/SEGGER/Segger/SEGGER_SYSVIEW.o
                0x000000000800676c                SEGGER_SYSVIEW_RecordExitISR
 .text.SEGGER_SYSVIEW_RecordExitISRToScheduler
                0x00000000080067a4       0x38 ./ThirdParty/SEGGER/Segger/SEGGER_SYSVIEW.o
                0x00000000080067a4                SEGGER_SYSVIEW_RecordExitISRToScheduler
 .text.SEGGER_SYSVIEW_OnIdle
                0x00000000080067dc       0x38 ./ThirdParty/SEGGER/Segger/SEGGER_SYSVIEW.o
                0x00000000080067dc                SEGGER_SYSVIEW_OnIdle
 .text.SEGGER_SYSVIEW_OnTaskCreate
                0x0000000008006814       0x84 ./ThirdParty/SEGGER/Segger/SEGGER_SYSVIEW.o
                0x0000000008006814                SEGGER_SYSVIEW_OnTaskCreate
 .text.SEGGER_SYSVIEW_OnTaskStartExec
                0x0000000008006898       0x84 ./ThirdParty/SEGGER/Segger/SEGGER_SYSVIEW.o
                0x0000000008006898                SEGGER_SYSVIEW_OnTaskStartExec
 .text.SEGGER_SYSVIEW_OnTaskStartReady
                0x000000000800691c       0x84 ./ThirdParty/SEGGER/Segger/SEGGER_SYSVIEW.o
                0x000000000800691c                SEGGER_SYSVIEW_OnTaskStartReady
 .text.SEGGER_SYSVIEW_ShrinkId
                0x00000000080069a0       0x20 ./ThirdParty/SEGGER/Segger/SEGGER_SYSVIEW.o
                0x00000000080069a0                SEGGER_SYSVIEW_ShrinkId
 .text.SEGGER_SYSVIEW_SendModule
                0x00000000080069c0      0x100 ./ThirdParty/SEGGER/Segger/SEGGER_SYSVIEW.o
                0x00000000080069c0                SEGGER_SYSVIEW_SendModule
 .text.SEGGER_SYSVIEW_SendModuleDescription
                0x0000000008006ac0       0x3c ./ThirdParty/SEGGER/Segger/SEGGER_SYSVIEW.o
                0x0000000008006ac0                SEGGER_SYSVIEW_SendModuleDescription
 .text.SEGGER_SYSVIEW_SendNumModules
                0x0000000008006afc       0x7c ./ThirdParty/SEGGER/Segger/SEGGER_SYSVIEW.o
                0x0000000008006afc                SEGGER_SYSVIEW_SendNumModules
 .text.SEGGER_SYSVIEW_PrintfTarget
                0x0000000008006b78       0x28 ./ThirdParty/SEGGER/Segger/SEGGER_SYSVIEW.o
                0x0000000008006b78                SEGGER_SYSVIEW_PrintfTarget
 .text.SEGGER_SYSVIEW_Warn
                0x0000000008006ba0       0xb8 ./ThirdParty/SEGGER/Segger/SEGGER_SYSVIEW.o
                0x0000000008006ba0                SEGGER_SYSVIEW_Warn
 .text.SEGGER_SYSVIEW_IsStarted
                0x0000000008006c58       0x5c ./ThirdParty/SEGGER/Segger/SEGGER_SYSVIEW.o
                0x0000000008006c58                SEGGER_SYSVIEW_IsStarted
 .text.__libc_init_array
                0x0000000008006cb4       0x48 d:/stm32/stm32cubeide_1.11.0/stm32cubeide/plugins/com.st.stm32cube.ide.mcu.externaltools.gnu-tools-for-stm32.10.3-2021.10.win32_1.0.100.202210260954/tools/bin/../lib/gcc/arm-none-eabi/10.3.1/../../../../arm-none-eabi/lib/thumb/v7e-m+fp/hard\libc_nano.a(lib_a-init.o)
                0x0000000008006cb4                __libc_init_array
 .text.memcmp   0x0000000008006cfc       0x20 d:/stm32/stm32cubeide_1.11.0/stm32cubeide/plugins/com.st.stm32cube.ide.mcu.externaltools.gnu-tools-for-stm32.10.3-2021.10.win32_1.0.100.202210260954/tools/bin/../lib/gcc/arm-none-eabi/10.3.1/../../../../arm-none-eabi/lib/thumb/v7e-m+fp/hard\libc_nano.a(lib_a-memcmp.o)
                0x0000000008006cfc                memcmp
 .text.memcpy   0x0000000008006d1c       0x1c d:/stm32/stm32cubeide_1.11.0/stm32cubeide/plugins/com.st.stm32cube.ide.mcu.externaltools.gnu-tools-for-stm32.10.3-2021.10.win32_1.0.100.202210260954/tools/bin/../lib/gcc/arm-none-eabi/10.3.1/../../../../arm-none-eabi/lib/thumb/v7e-m+fp/hard\libc_nano.a(lib_a-memcpy-stub.o)
                0x0000000008006d1c                memcpy
 .text.memset   0x0000000008006d38       0x10 d:/stm32/stm32cubeide_1.11.0/stm32cubeide/plugins/com.st.stm32cube.ide.mcu.externaltools.gnu-tools-for-stm32.10.3-2021.10.win32_1.0.100.202210260954/tools/bin/../lib/gcc/arm-none-eabi/10.3.1/../../../../arm-none-eabi/lib/thumb/v7e-m+fp/hard\libc_nano.a(lib_a-memset.o)
                0x0000000008006d38                memset
 .text.snprintf
                0x0000000008006d48       0x68 d:/stm32/stm32cubeide_1.11.0/stm32cubeide/plugins/com.st.stm32cube.ide.mcu.externaltools.gnu-tools-for-stm32.10.3-2021.10.win32_1.0.100.202210260954/tools/bin/../lib/gcc/arm-none-eabi/10.3.1/../../../../arm-none-eabi/lib/thumb/v7e-m+fp/hard\libc_nano.a(lib_a-snprintf.o)
                0x0000000008006d48                sniprintf
                0x0000000008006d48                snprintf
 .text.__ssputs_r
                0x0000000008006db0       0xb6 d:/stm32/stm32cubeide_1.11.0/stm32cubeide/plugins/com.st.stm32cube.ide.mcu.externaltools.gnu-tools-for-stm32.10.3-2021.10.win32_1.0.100.202210260954/tools/bin/../lib/gcc/arm-none-eabi/10.3.1/../../../../arm-none-eabi/lib/thumb/v7e-m+fp/hard\libc_nano.a(lib_a-nano-svfprintf.o)
                0x0000000008006db0                __ssputs_r
 *fill*         0x0000000008006e66        0x2 
 .text._svfprintf_r
                0x0000000008006e68      0x200 d:/stm32/stm32cubeide_1.11.0/stm32cubeide/plugins/com.st.stm32cube.ide.mcu.externaltools.gnu-tools-for-stm32.10.3-2021.10.win32_1.0.100.202210260954/tools/bin/../lib/gcc/arm-none-eabi/10.3.1/../../../../arm-none-eabi/lib/thumb/v7e-m+fp/hard\libc_nano.a(lib_a-nano-svfprintf.o)
                0x0000000008006e68                _svfiprintf_r
                0x0000000008006e68                _svfprintf_r
 .text._printf_common
                0x0000000008007068       0xda d:/stm32/stm32cubeide_1.11.0/stm32cubeide/plugins/com.st.stm32cube.ide.mcu.externaltools.gnu-tools-for-stm32.10.3-2021.10.win32_1.0.100.202210260954/tools/bin/../lib/gcc/arm-none-eabi/10.3.1/../../../../arm-none-eabi/lib/thumb/v7e-m+fp/hard\libc_nano.a(lib_a-nano-vfprintf_i.o)
                0x0000000008007068                _printf_common
 *fill*         0x0000000008007142        0x2 
 .text._printf_i
                0x0000000008007144      0x24c d:/stm32/stm32cubeide_1.11.0/stm32cubeide/plugins/com.st.stm32cube.ide.mcu.externaltools.gnu-tools-for-stm32.10.3-2021.10.win32_1.0.100.202210260954/tools/bin/../lib/gcc/arm-none-eabi/10.3.1/../../../../arm-none-eabi/lib/thumb/v7e-m+fp/hard\libc_nano.a(lib_a-nano-vfprintf_i.o)
                0x0000000008007144                _printf_i
 .text.memmove  0x0000000008007390       0x34 d:/stm32/stm32cubeide_1.11.0/stm32cubeide/plugins/com.st.stm32cube.ide.mcu.externaltools.gnu-tools-for-stm32.10.3-2021.10.win32_1.0.100.202210260954/tools/bin/../lib/gcc/arm-none-eabi/10.3.1/../../../../arm-none-eabi/lib/thumb/v7e-m+fp/hard\libc_nano.a(lib_a-memmove.o)
                0x0000000008007390                memmove
 .text._free_r  0x00000000080073c4       0x98 d:/stm32/stm32cubeide_1.11.0/stm32cubeide/plugins/com.st.stm32cube.ide.mcu.externaltools.gnu-tools-for-stm32.10.3-2021.10.win32_1.0.100.202210260954/tools/bin/../lib/gcc/arm-none-eabi/10.3.1/../../../../arm-none-eabi/lib/thumb/v7e-m+fp/hard\libc_nano.a(lib_a-nano-freer.o)
                0x00000000080073c4                _free_r
 .text.sbrk_aligned
                0x000000000800745c       0x40 d:/stm32/stm32cubeide_1.11.0/stm32cubeide/plugins/com.st.stm32cube.ide.mcu.externaltools.gnu-tools-for-stm32.10.3-2021.10.win32_1.0.100.202210260954/tools/bin/../lib/gcc/arm-none-eabi/10.3.1/../../../../arm-none-eabi/lib/thumb/v7e-m+fp/hard\libc_nano.a(lib_a-nano-mallocr.o)
 .text._malloc_r
                0x000000000800749c       0xe8 d:/stm32/stm32cubeide_1.11.0/stm32cubeide/plugins/com.st.stm32cube.ide.mcu.externaltools.gnu-tools-for-stm32.10.3-2021.10.win32_1.0.100.202210260954/tools/bin/../lib/gcc/arm-none-eabi/10.3.1/../../../../arm-none-eabi/lib/thumb/v7e-m+fp/hard\libc_nano.a(lib_a-nano-mallocr.o)
                0x000000000800749c                _malloc_r
 .text._realloc_r
                0x0000000008007584       0x5e d:/stm32/stm32cubeide_1.11.0/stm32cubeide/plugins/com.st.stm32cube.ide.mcu.externaltools.gnu-tools-for-stm32.10.3-2021.10.win32_1.0.100.202210260954/tools/bin/../lib/gcc/arm-none-eabi/10.3.1/../../../../arm-none-eabi/lib/thumb/v7e-m+fp/hard\libc_nano.a(lib_a-nano-reallocr.o)
                0x0000000008007584                _realloc_r
 *fill*         0x00000000080075e2        0x2 
 .text._sbrk_r  0x00000000080075e4       0x20 d:/stm32/stm32cubeide_1.11.0/stm32cubeide/plugins/com.st.stm32cube.ide.mcu.externaltools.gnu-tools-for-stm32.10.3-2021.10.win32_1.0.100.202210260954/tools/bin/../lib/gcc/arm-none-eabi/10.3.1/../../../../arm-none-eabi/lib/thumb/v7e-m+fp/hard\libc_nano.a(lib_a-sbrkr.o)
                0x00000000080075e4                _sbrk_r
 .text.__malloc_lock
                0x0000000008007604        0xc d:/stm32/stm32cubeide_1.11.0/stm32cubeide/plugins/com.st.stm32cube.ide.mcu.externaltools.gnu-tools-for-stm32.10.3-2021.10.win32_1.0.100.202210260954/tools/bin/../lib/gcc/arm-none-eabi/10.3.1/../../../../arm-none-eabi/lib/thumb/v7e-m+fp/hard\libc_nano.a(lib_a-mlock.o)
                0x0000000008007604                __malloc_lock
 .text.__malloc_unlock
                0x0000000008007610        0xc d:/stm32/stm32cubeide_1.11.0/stm32cubeide/plugins/com.st.stm32cube.ide.mcu.externaltools.gnu-tools-for-stm32.10.3-2021.10.win32_1.0.100.202210260954/tools/bin/../lib/gcc/arm-none-eabi/10.3.1/../../../../arm-none-eabi/lib/thumb/v7e-m+fp/hard\libc_nano.a(lib_a-mlock.o)
                0x0000000008007610                __malloc_unlock
 .text._malloc_usable_size_r
                0x000000000800761c       0x10 d:/stm32/stm32cubeide_1.11.0/stm32cubeide/plugins/com.st.stm32cube.ide.mcu.externaltools.gnu-tools-for-stm32.10.3-2021.10.win32_1.0.100.202210260954/tools/bin/../lib/gcc/arm-none-eabi/10.3.1/../../../../arm-none-eabi/lib/thumb/v7e-m+fp/hard\libc_nano.a(lib_a-nano-msizer.o)
                0x000000000800761c                _malloc_usable_size_r
 .text.__retarget_lock_acquire_recursive
                0x000000000800762c        0x2 d:/stm32/stm32cubeide_1.11.0/stm32cubeide/plugins/com.st.stm32cube.ide.mcu.externaltools.gnu-tools-for-stm32.10.3-2021.10.win32_1.0.100.202210260954/tools/bin/../lib/gcc/arm-none-eabi/10.3.1/../../../../arm-none-eabi/lib/thumb/v7e-m+fp/hard\libc_nano.a(lib_a-lock.o)
                0x000000000800762c                __retarget_lock_acquire_recursive
 .text.__retarget_lock_release_recursive
                0x000000000800762e        0x2 d:/stm32/stm32cubeide_1.11.0/stm32cubeide/plugins/com.st.stm32cube.ide.mcu.externaltools.gnu-tools-for-stm32.10.3-2021.10.win32_1.0.100.202210260954/tools/bin/../lib/gcc/arm-none-eabi/10.3.1/../../../../arm-none-eabi/lib/thumb/v7e-m+fp/hard\libc_nano.a(lib_a-lock.o)
                0x000000000800762e                __retarget_lock_release_recursive
 .text._sbrk    0x0000000008007630       0x1c d:/stm32/stm32cubeide_1.11.0/stm32cubeide/plugins/com.st.stm32cube.ide.mcu.externaltools.gnu-tools-for-stm32.10.3-2021.10.win32_1.0.100.202210260954/tools/bin/../lib/gcc/arm-none-eabi/10.3.1/../../../../arm-none-eabi/lib/thumb/v7e-m+fp/hard\libnosys.a(sbrk.o)
                0x0000000008007630                _sbrk
 *(.glue_7)
 .glue_7        0x000000000800764c        0x0 linker stubs
 *(.glue_7t)
 .glue_7t       0x000000000800764c        0x0 linker stubs
 *(.eh_frame)
 .eh_frame      0x000000000800764c        0x0 d:/stm32/stm32cubeide_1.11.0/stm32cubeide/plugins/com.st.stm32cube.ide.mcu.externaltools.gnu-tools-for-stm32.10.3-2021.10.win32_1.0.100.202210260954/tools/bin/../lib/gcc/arm-none-eabi/10.3.1/thumb/v7e-m+fp/hard/crtbegin.o
 *(.init)
 .init          0x000000000800764c        0x4 d:/stm32/stm32cubeide_1.11.0/stm32cubeide/plugins/com.st.stm32cube.ide.mcu.externaltools.gnu-tools-for-stm32.10.3-2021.10.win32_1.0.100.202210260954/tools/bin/../lib/gcc/arm-none-eabi/10.3.1/thumb/v7e-m+fp/hard/crti.o
                0x000000000800764c                _init
 .init          0x0000000008007650        0x8 d:/stm32/stm32cubeide_1.11.0/stm32cubeide/plugins/com.st.stm32cube.ide.mcu.externaltools.gnu-tools-for-stm32.10.3-2021.10.win32_1.0.100.202210260954/tools/bin/../lib/gcc/arm-none-eabi/10.3.1/thumb/v7e-m+fp/hard/crtn.o
 *(.fini)
 .fini          0x0000000008007658        0x4 d:/stm32/stm32cubeide_1.11.0/stm32cubeide/plugins/com.st.stm32cube.ide.mcu.externaltools.gnu-tools-for-stm32.10.3-2021.10.win32_1.0.100.202210260954/tools/bin/../lib/gcc/arm-none-eabi/10.3.1/thumb/v7e-m+fp/hard/crti.o
                0x0000000008007658                _fini
 .fini          0x000000000800765c        0x8 d:/stm32/stm32cubeide_1.11.0/stm32cubeide/plugins/com.st.stm32cube.ide.mcu.externaltools.gnu-tools-for-stm32.10.3-2021.10.win32_1.0.100.202210260954/tools/bin/../lib/gcc/arm-none-eabi/10.3.1/thumb/v7e-m+fp/hard/crtn.o
                0x0000000008007664                . = ALIGN (0x4)
                0x0000000008007664                _etext = .

.vfp11_veneer   0x0000000008007664        0x0
 .vfp11_veneer  0x0000000008007664        0x0 linker stubs

.v4_bx          0x0000000008007664        0x0
 .v4_bx         0x0000000008007664        0x0 linker stubs

.iplt           0x0000000008007664        0x0
 .iplt          0x0000000008007664        0x0 d:/stm32/stm32cubeide_1.11.0/stm32cubeide/plugins/com.st.stm32cube.ide.mcu.externaltools.gnu-tools-for-stm32.10.3-2021.10.win32_1.0.100.202210260954/tools/bin/../lib/gcc/arm-none-eabi/10.3.1/thumb/v7e-m+fp/hard/crtbegin.o

.rodata         0x0000000008007664      0x1a4
                0x0000000008007664                . = ALIGN (0x4)
 *(.rodata)
 .rodata        0x0000000008007664       0x44 ./Core/Src/main.o
 .rodata        0x00000000080076a8        0x5 ./ThirdParty/FreeRTOS/tasks.o
 *fill*         0x00000000080076ad        0x3 
 .rodata        0x00000000080076b0        0xd ./ThirdParty/FreeRTOS/timers.o
 *fill*         0x00000000080076bd        0x3 
 .rodata        0x00000000080076c0       0x51 ./ThirdParty/SEGGER/Config/SEGGER_SYSVIEW_Config_FreeRTOS.o
 *fill*         0x0000000008007711        0x3 
 .rodata        0x0000000008007714       0x58 ./ThirdParty/SEGGER/OS/SEGGER_SYSVIEW_FreeRTOS.o
 .rodata        0x000000000800776c        0x9 ./ThirdParty/SEGGER/Segger/SEGGER_RTT.o
 *fill*         0x0000000008007775        0x3 
 .rodata        0x0000000008007778        0x8 ./ThirdParty/SEGGER/Segger/SEGGER_SYSVIEW.o
 *(.rodata*)
 .rodata.AHBPrescTable
                0x0000000008007780       0x10 ./Core/Src/system_stm32f4xx.o
                0x0000000008007780                AHBPrescTable
 .rodata.APBPrescTable
                0x0000000008007790        0x8 ./Core/Src/system_stm32f4xx.o
                0x0000000008007790                APBPrescTable
 .rodata.SYSVIEW_X_OS_TraceAPI
                0x0000000008007798        0x8 ./ThirdParty/SEGGER/OS/SEGGER_SYSVIEW_FreeRTOS.o
                0x0000000008007798                SYSVIEW_X_OS_TraceAPI
 .rodata._abHelloMsg
                0x00000000080077a0        0x4 ./ThirdParty/SEGGER/Rec/segger_uart.o
 .rodata._aInitStr.0
                0x00000000080077a4       0x11 ./ThirdParty/SEGGER/Segger/SEGGER_RTT.o
 *fill*         0x00000000080077b5        0x3 
 .rodata._abSync
                0x00000000080077b8        0xa ./ThirdParty/SEGGER/Segger/SEGGER_SYSVIEW.o
 *fill*         0x00000000080077c2        0x2 
 .rodata._aV2C.0
                0x00000000080077c4       0x10 ./ThirdParty/SEGGER/Segger/SEGGER_SYSVIEW.o
 .rodata._svfprintf_r.str1.1
                0x00000000080077d4       0x11 d:/stm32/stm32cubeide_1.11.0/stm32cubeide/plugins/com.st.stm32cube.ide.mcu.externaltools.gnu-tools-for-stm32.10.3-2021.10.win32_1.0.100.202210260954/tools/bin/../lib/gcc/arm-none-eabi/10.3.1/../../../../arm-none-eabi/lib/thumb/v7e-m+fp/hard\libc_nano.a(lib_a-nano-svfprintf.o)
 .rodata._printf_i.str1.1
                0x00000000080077e5       0x22 d:/stm32/stm32cubeide_1.11.0/stm32cubeide/plugins/com.st.stm32cube.ide.mcu.externaltools.gnu-tools-for-stm32.10.3-2021.10.win32_1.0.100.202210260954/tools/bin/../lib/gcc/arm-none-eabi/10.3.1/../../../../arm-none-eabi/lib/thumb/v7e-m+fp/hard\libc_nano.a(lib_a-nano-vfprintf_i.o)
                0x0000000008007808                . = ALIGN (0x4)
 *fill*         0x0000000008007807        0x1 

.ARM.extab      0x0000000008007808        0x0
                0x0000000008007808                . = ALIGN (0x4)
 *(.ARM.extab* .gnu.linkonce.armextab.*)
                0x0000000008007808                . = ALIGN (0x4)

.ARM            0x0000000008007808        0x8
                0x0000000008007808                . = ALIGN (0x4)
                0x0000000008007808                __exidx_start = .
 *(.ARM.exidx*)
 .ARM.exidx     0x0000000008007808        0x8 d:/stm32/stm32cubeide_1.11.0/stm32cubeide/plugins/com.st.stm32cube.ide.mcu.externaltools.gnu-tools-for-stm32.10.3-2021.10.win32_1.0.100.202210260954/tools/bin/../lib/gcc/arm-none-eabi/10.3.1/thumb/v7e-m+fp/hard\libgcc.a(_udivmoddi4.o)
                0x0000000008007810                __exidx_end = .
                0x0000000008007810                . = ALIGN (0x4)

.rel.dyn        0x0000000008007810        0x0
 .rel.iplt      0x0000000008007810        0x0 d:/stm32/stm32cubeide_1.11.0/stm32cubeide/plugins/com.st.stm32cube.ide.mcu.externaltools.gnu-tools-for-stm32.10.3-2021.10.win32_1.0.100.202210260954/tools/bin/../lib/gcc/arm-none-eabi/10.3.1/thumb/v7e-m+fp/hard/crtbegin.o

.preinit_array  0x0000000008007810        0x0
                0x0000000008007810                . = ALIGN (0x4)
                0x0000000008007810                PROVIDE (__preinit_array_start = .)
 *(.preinit_array*)
                0x0000000008007810                PROVIDE (__preinit_array_end = .)
                0x0000000008007810                . = ALIGN (0x4)

.init_array     0x0000000008007810        0x4
                0x0000000008007810                . = ALIGN (0x4)
                0x0000000008007810                PROVIDE (__init_array_start = .)
 *(SORT_BY_NAME(.init_array.*))
 *(.init_array*)
 .init_array    0x0000000008007810        0x4 d:/stm32/stm32cubeide_1.11.0/stm32cubeide/plugins/com.st.stm32cube.ide.mcu.externaltools.gnu-tools-for-stm32.10.3-2021.10.win32_1.0.100.202210260954/tools/bin/../lib/gcc/arm-none-eabi/10.3.1/thumb/v7e-m+fp/hard/crtbegin.o
                0x0000000008007814                PROVIDE (__init_array_end = .)
                0x0000000008007814                . = ALIGN (0x4)

.fini_array     0x0000000008007814        0x4
                0x0000000008007814                . = ALIGN (0x4)
                [!provide]                        PROVIDE (__fini_array_start = .)
 *(SORT_BY_NAME(.fini_array.*))
 *(.fini_array*)
 .fini_array    0x0000000008007814        0x4 d:/stm32/stm32cubeide_1.11.0/stm32cubeide/plugins/com.st.stm32cube.ide.mcu.externaltools.gnu-tools-for-stm32.10.3-2021.10.win32_1.0.100.202210260954/tools/bin/../lib/gcc/arm-none-eabi/10.3.1/thumb/v7e-m+fp/hard/crtbegin.o
                [!provide]                        PROVIDE (__fini_array_end = .)
                0x0000000008007818                . = ALIGN (0x4)
                0x0000000008007818                _sidata = LOADADDR (.data)

.data           0x0000000020000000       0x80 load address 0x0000000008007818
                0x0000000020000000                . = ALIGN (0x4)
                0x0000000020000000                _sdata = .
 *(.data)
 *(.data*)
 .data.SystemCoreClock
                0x0000000020000000        0x4 ./Core/Src/system_stm32f4xx.o
                0x0000000020000000                SystemCoreClock
 .data.uwTickPrio
                0x0000000020000004        0x4 ./Drivers/STM32F4xx_HAL_Driver/Src/stm32f4xx_hal.o
                0x0000000020000004                uwTickPrio
 .data.uwTickFreq
                0x0000000020000008        0x1 ./Drivers/STM32F4xx_HAL_Driver/Src/stm32f4xx_hal.o
                0x0000000020000008                uwTickFreq
 *fill*         0x0000000020000009        0x3 
 .data.uxTopUsedPriority
                0x000000002000000c        0x4 ./ThirdParty/FreeRTOS/tasks.o
                0x000000002000000c                uxTopUsedPriority
 .data.uxCriticalNesting
                0x0000000020000010        0x4 ./ThirdParty/FreeRTOS/portable/GCC/ARM_CM4F/port.o
 .data._SVInfo  0x0000000020000014        0x8 ./ThirdParty/SEGGER/Rec/segger_uart.o
 .data._impure_ptr
                0x000000002000001c        0x4 d:/stm32/stm32cubeide_1.11.0/stm32cubeide/plugins/com.st.stm32cube.ide.mcu.externaltools.gnu-tools-for-stm32.10.3-2021.10.win32_1.0.100.202210260954/tools/bin/../lib/gcc/arm-none-eabi/10.3.1/../../../../arm-none-eabi/lib/thumb/v7e-m+fp/hard\libc_nano.a(lib_a-impure.o)
                0x000000002000001c                _impure_ptr
 .data.impure_data
                0x0000000020000020       0x60 d:/stm32/stm32cubeide_1.11.0/stm32cubeide/plugins/com.st.stm32cube.ide.mcu.externaltools.gnu-tools-for-stm32.10.3-2021.10.win32_1.0.100.202210260954/tools/bin/../lib/gcc/arm-none-eabi/10.3.1/../../../../arm-none-eabi/lib/thumb/v7e-m+fp/hard\libc_nano.a(lib_a-impure.o)
 *(.RamFunc)
 *(.RamFunc*)
                0x0000000020000080                . = ALIGN (0x4)
                0x0000000020000080                _edata = .

.igot.plt       0x0000000020000080        0x0 load address 0x0000000008007898
 .igot.plt      0x0000000020000080        0x0 d:/stm32/stm32cubeide_1.11.0/stm32cubeide/plugins/com.st.stm32cube.ide.mcu.externaltools.gnu-tools-for-stm32.10.3-2021.10.win32_1.0.100.202210260954/tools/bin/../lib/gcc/arm-none-eabi/10.3.1/thumb/v7e-m+fp/hard/crtbegin.o
                0x0000000020000080                . = ALIGN (0x4)

.bss            0x0000000020000080    0x174a0 load address 0x0000000008007898
                0x0000000020000080                _sbss = .
                0x0000000020000080                __bss_start__ = _sbss
 *(.bss)
 .bss           0x0000000020000080       0x1c d:/stm32/stm32cubeide_1.11.0/stm32cubeide/plugins/com.st.stm32cube.ide.mcu.externaltools.gnu-tools-for-stm32.10.3-2021.10.win32_1.0.100.202210260954/tools/bin/../lib/gcc/arm-none-eabi/10.3.1/thumb/v7e-m+fp/hard/crtbegin.o
 *(.bss*)
 .bss.htim5     0x000000002000009c       0x48 ./Core/Src/stm32f4xx_hal_timebase_tim.o
                0x000000002000009c                htim5
 .bss.uwTick    0x00000000200000e4        0x4 ./Drivers/STM32F4xx_HAL_Driver/Src/stm32f4xx_hal.o
                0x00000000200000e4                uwTick
 .bss.xQueueRegistry
                0x00000000200000e8       0x40 ./ThirdParty/FreeRTOS/queue.o
                0x00000000200000e8                xQueueRegistry
 .bss.pxCurrentTCB
                0x0000000020000128        0x4 ./ThirdParty/FreeRTOS/tasks.o
                0x0000000020000128                pxCurrentTCB
 .bss.pxReadyTasksLists
                0x000000002000012c       0x64 ./ThirdParty/FreeRTOS/tasks.o
 .bss.xDelayedTaskList1
                0x0000000020000190       0x14 ./ThirdParty/FreeRTOS/tasks.o
 .bss.xDelayedTaskList2
                0x00000000200001a4       0x14 ./ThirdParty/FreeRTOS/tasks.o
 .bss.pxDelayedTaskList
                0x00000000200001b8        0x4 ./ThirdParty/FreeRTOS/tasks.o
 .bss.pxOverflowDelayedTaskList
                0x00000000200001bc        0x4 ./ThirdParty/FreeRTOS/tasks.o
 .bss.xPendingReadyList
                0x00000000200001c0       0x14 ./ThirdParty/FreeRTOS/tasks.o
 .bss.xTasksWaitingTermination
                0x00000000200001d4       0x14 ./ThirdParty/FreeRTOS/tasks.o
 .bss.uxDeletedTasksWaitingCleanUp
                0x00000000200001e8        0x4 ./ThirdParty/FreeRTOS/tasks.o
 .bss.xSuspendedTaskList
                0x00000000200001ec       0x14 ./ThirdParty/FreeRTOS/tasks.o
 .bss.uxCurrentNumberOfTasks
                0x0000000020000200        0x4 ./ThirdParty/FreeRTOS/tasks.o
 .bss.xTickCount
                0x0000000020000204        0x4 ./ThirdParty/FreeRTOS/tasks.o
 .bss.uxTopReadyPriority
                0x0000000020000208        0x4 ./ThirdParty/FreeRTOS/tasks.o
 .bss.xSchedulerRunning
                0x000000002000020c        0x4 ./ThirdParty/FreeRTOS/tasks.o
 .bss.xPendedTicks
                0x0000000020000210        0x4 ./ThirdParty/FreeRTOS/tasks.o
 .bss.xYieldPending
                0x0000000020000214        0x4 ./ThirdParty/FreeRTOS/tasks.o
 .bss.xNumOfOverflows
                0x0000000020000218        0x4 ./ThirdParty/FreeRTOS/tasks.o
 .bss.uxTaskNumber
                0x000000002000021c        0x4 ./ThirdParty/FreeRTOS/tasks.o
 .bss.xNextTaskUnblockTime
                0x0000000020000220        0x4 ./ThirdParty/FreeRTOS/tasks.o
 .bss.xIdleTaskHandle
                0x0000000020000224        0x4 ./ThirdParty/FreeRTOS/tasks.o
 .bss.uxSchedulerSuspended
                0x0000000020000228        0x4 ./ThirdParty/FreeRTOS/tasks.o
 .bss.xActiveTimerList1
                0x000000002000022c       0x14 ./ThirdParty/FreeRTOS/timers.o
 .bss.xActiveTimerList2
                0x0000000020000240       0x14 ./ThirdParty/FreeRTOS/timers.o
 .bss.pxCurrentTimerList
                0x0000000020000254        0x4 ./ThirdParty/FreeRTOS/timers.o
 .bss.pxOverflowTimerList
                0x0000000020000258        0x4 ./ThirdParty/FreeRTOS/timers.o
 .bss.xTimerQueue
                0x000000002000025c        0x4 ./ThirdParty/FreeRTOS/timers.o
 .bss.xTimerTaskHandle
                0x0000000020000260        0x4 ./ThirdParty/FreeRTOS/timers.o
 .bss.xLastTime.0
                0x0000000020000264        0x4 ./ThirdParty/FreeRTOS/timers.o
 .bss.ucMaxSysCallPriority
                0x0000000020000268        0x1 ./ThirdParty/FreeRTOS/portable/GCC/ARM_CM4F/port.o
 *fill*         0x0000000020000269        0x3 
 .bss.ulMaxPRIGROUPValue
                0x000000002000026c        0x4 ./ThirdParty/FreeRTOS/portable/GCC/ARM_CM4F/port.o
 .bss.ucHeap    0x0000000020000270    0x12c00 ./ThirdParty/FreeRTOS/portable/MemMang/heap_4.o
 .bss.xStart    0x0000000020012e70        0x8 ./ThirdParty/FreeRTOS/portable/MemMang/heap_4.o
 .bss.pxEnd     0x0000000020012e78        0x4 ./ThirdParty/FreeRTOS/portable/MemMang/heap_4.o
 .bss.xFreeBytesRemaining
                0x0000000020012e7c        0x4 ./ThirdParty/FreeRTOS/portable/MemMang/heap_4.o
 .bss.xMinimumEverFreeBytesRemaining
                0x0000000020012e80        0x4 ./ThirdParty/FreeRTOS/portable/MemMang/heap_4.o
 .bss.xNumberOfSuccessfulAllocations
                0x0000000020012e84        0x4 ./ThirdParty/FreeRTOS/portable/MemMang/heap_4.o
 .bss.xNumberOfSuccessfulFrees
                0x0000000020012e88        0x4 ./ThirdParty/FreeRTOS/portable/MemMang/heap_4.o
 .bss._aTasks   0x0000000020012e8c       0xa0 ./ThirdParty/SEGGER/OS/SEGGER_SYSVIEW_FreeRTOS.o
 .bss._NumTasks
                0x0000000020012f2c        0x4 ./ThirdParty/SEGGER/OS/SEGGER_SYSVIEW_FreeRTOS.o
 .bss._cbOnRx   0x0000000020012f30        0x4 ./ThirdParty/SEGGER/Rec/segger_uart.o
 .bss._cbOnTx   0x0000000020012f34        0x4 ./ThirdParty/SEGGER/Rec/segger_uart.o
 .bss._SEGGER_RTT
                0x0000000020012f38       0xa8 ./ThirdParty/SEGGER/Segger/SEGGER_RTT.o
                0x0000000020012f38                _SEGGER_RTT
 .bss._acUpBuffer
                0x0000000020012fe0      0x400 ./ThirdParty/SEGGER/Segger/SEGGER_RTT.o
 .bss._acDownBuffer
                0x00000000200133e0       0x10 ./ThirdParty/SEGGER/Segger/SEGGER_RTT.o
 .bss._UpBuffer
                0x00000000200133f0     0x4000 ./ThirdParty/SEGGER/Segger/SEGGER_SYSVIEW.o
 .bss._DownBuffer
                0x00000000200173f0        0x8 ./ThirdParty/SEGGER/Segger/SEGGER_SYSVIEW.o
 .bss._SYSVIEW_Globals
                0x00000000200173f8       0x28 ./ThirdParty/SEGGER/Segger/SEGGER_SYSVIEW.o
 .bss._pFirstModule
                0x0000000020017420        0x4 ./ThirdParty/SEGGER/Segger/SEGGER_SYSVIEW.o
 .bss._NumModules
                0x0000000020017424        0x1 ./ThirdParty/SEGGER/Segger/SEGGER_SYSVIEW.o
 *fill*         0x0000000020017425        0x3 
 .bss._aPacket  0x0000000020017428       0xe3 ./ThirdParty/SEGGER/Segger/SEGGER_SYSVIEW.o
 *fill*         0x000000002001750b        0x1 
 .bss.__malloc_free_list
                0x000000002001750c        0x4 d:/stm32/stm32cubeide_1.11.0/stm32cubeide/plugins/com.st.stm32cube.ide.mcu.externaltools.gnu-tools-for-stm32.10.3-2021.10.win32_1.0.100.202210260954/tools/bin/../lib/gcc/arm-none-eabi/10.3.1/../../../../arm-none-eabi/lib/thumb/v7e-m+fp/hard\libc_nano.a(lib_a-nano-mallocr.o)
                0x000000002001750c                __malloc_free_list
 .bss.__malloc_sbrk_start
                0x0000000020017510        0x4 d:/stm32/stm32cubeide_1.11.0/stm32cubeide/plugins/com.st.stm32cube.ide.mcu.externaltools.gnu-tools-for-stm32.10.3-2021.10.win32_1.0.100.202210260954/tools/bin/../lib/gcc/arm-none-eabi/10.3.1/../../../../arm-none-eabi/lib/thumb/v7e-m+fp/hard\libc_nano.a(lib_a-nano-mallocr.o)
                0x0000000020017510                __malloc_sbrk_start
 .bss.errno     0x0000000020017514        0x4 d:/stm32/stm32cubeide_1.11.0/stm32cubeide/plugins/com.st.stm32cube.ide.mcu.externaltools.gnu-tools-for-stm32.10.3-2021.10.win32_1.0.100.202210260954/tools/bin/../lib/gcc/arm-none-eabi/10.3.1/../../../../arm-none-eabi/lib/thumb/v7e-m+fp/hard\libc_nano.a(lib_a-reent.o)
                0x0000000020017514                errno
 .bss.__lock___malloc_recursive_mutex
                0x0000000020017518        0x1 d:/stm32/stm32cubeide_1.11.0/stm32cubeide/plugins/com.st.stm32cube.ide.mcu.externaltools.gnu-tools-for-stm32.10.3-2021.10.win32_1.0.100.202210260954/tools/bin/../lib/gcc/arm-none-eabi/10.3.1/../../../../arm-none-eabi/lib/thumb/v7e-m+fp/hard\libc_nano.a(lib_a-lock.o)
                0x0000000020017518                __lock___malloc_recursive_mutex
 *fill*         0x0000000020017519        0x3 
 .bss.heap_end.0
                0x000000002001751c        0x4 d:/stm32/stm32cubeide_1.11.0/stm32cubeide/plugins/com.st.stm32cube.ide.mcu.externaltools.gnu-tools-for-stm32.10.3-2021.10.win32_1.0.100.202210260954/tools/bin/../lib/gcc/arm-none-eabi/10.3.1/../../../../arm-none-eabi/lib/thumb/v7e-m+fp/hard\libnosys.a(sbrk.o)
 *(COMMON)
                0x0000000020017520                . = ALIGN (0x4)
                0x0000000020017520                _ebss = .
                0x0000000020017520                __bss_end__ = _ebss

._user_heap_stack
                0x0000000020017520      0x600 load address 0x0000000008007898
                0x0000000020017520                . = ALIGN (0x8)
                0x0000000020017520                PROVIDE (end = .)
                [!provide]                        PROVIDE (_end = .)
                0x0000000020017720                . = (. + _Min_Heap_Size)
 *fill*         0x0000000020017520      0x200 
                0x0000000020017b20                . = (. + _Min_Stack_Size)
 *fill*         0x0000000020017720      0x400 
                0x0000000020017b20                . = ALIGN (0x8)

/DISCARD/
 libc.a(*)
 libm.a(*)
 libgcc.a(*)

.ARM.attributes
                0x0000000000000000       0x30
 *(.ARM.attributes)
 .ARM.attributes
                0x0000000000000000       0x1e d:/stm32/stm32cubeide_1.11.0/stm32cubeide/plugins/com.st.stm32cube.ide.mcu.externaltools.gnu-tools-for-stm32.10.3-2021.10.win32_1.0.100.202210260954/tools/bin/../lib/gcc/arm-none-eabi/10.3.1/thumb/v7e-m+fp/hard/crti.o
 .ARM.attributes
                0x000000000000001e       0x34 d:/stm32/stm32cubeide_1.11.0/stm32cubeide/plugins/com.st.stm32cube.ide.mcu.externaltools.gnu-tools-for-stm32.10.3-2021.10.win32_1.0.100.202210260954/tools/bin/../lib/gcc/arm-none-eabi/10.3.1/thumb/v7e-m+fp/hard/crtbegin.o
 .ARM.attributes
                0x0000000000000052       0x34 ./Core/Src/main.o
 .ARM.attributes
                0x0000000000000086       0x34 ./Core/Src/stm32f4xx_hal_msp.o
 .ARM.attributes
                0x00000000000000ba       0x34 ./Core/Src/stm32f4xx_hal_timebase_tim.o
 .ARM.attributes
                0x00000000000000ee       0x34 ./Core/Src/stm32f4xx_it.o
 .ARM.attributes
                0x0000000000000122       0x34 ./Core/Src/system_stm32f4xx.o
 .ARM.attributes
                0x0000000000000156       0x21 ./Core/Startup/startup_stm32f411retx.o
 .ARM.attributes
                0x0000000000000177       0x34 ./Drivers/STM32F4xx_HAL_Driver/Src/stm32f4xx_hal.o
 .ARM.attributes
                0x00000000000001ab       0x34 ./Drivers/STM32F4xx_HAL_Driver/Src/stm32f4xx_hal_cortex.o
 .ARM.attributes
                0x00000000000001df       0x34 ./Drivers/STM32F4xx_HAL_Driver/Src/stm32f4xx_hal_gpio.o
 .ARM.attributes
                0x0000000000000213       0x34 ./Drivers/STM32F4xx_HAL_Driver/Src/stm32f4xx_hal_rcc.o
 .ARM.attributes
                0x0000000000000247       0x34 ./Drivers/STM32F4xx_HAL_Driver/Src/stm32f4xx_hal_tim.o
 .ARM.attributes
                0x000000000000027b       0x34 ./Drivers/STM32F4xx_HAL_Driver/Src/stm32f4xx_hal_tim_ex.o
 .ARM.attributes
                0x00000000000002af       0x34 ./ThirdParty/FreeRTOS/list.o
 .ARM.attributes
                0x00000000000002e3       0x34 ./ThirdParty/FreeRTOS/queue.o
 .ARM.attributes
                0x0000000000000317       0x34 ./ThirdParty/FreeRTOS/tasks.o
 .ARM.attributes
                0x000000000000034b       0x34 ./ThirdParty/FreeRTOS/timers.o
 .ARM.attributes
                0x000000000000037f       0x34 ./ThirdParty/FreeRTOS/portable/GCC/ARM_CM4F/port.o
 .ARM.attributes
                0x00000000000003b3       0x34 ./ThirdParty/FreeRTOS/portable/MemMang/heap_4.o
 .ARM.attributes
                0x00000000000003e7       0x34 ./ThirdParty/SEGGER/Config/SEGGER_SYSVIEW_Config_FreeRTOS.o
 .ARM.attributes
                0x000000000000041b       0x34 ./ThirdParty/SEGGER/OS/SEGGER_SYSVIEW_FreeRTOS.o
 .ARM.attributes
                0x000000000000044f       0x34 ./ThirdParty/SEGGER/Rec/segger_uart.o
 .ARM.attributes
                0x0000000000000483       0x34 ./ThirdParty/SEGGER/Segger/SEGGER_RTT.o
 .ARM.attributes
                0x00000000000004b7       0x20 ./ThirdParty/SEGGER/Segger/SEGGER_RTT_ASM_ARMv7M.o
 .ARM.attributes
                0x00000000000004d7       0x34 ./ThirdParty/SEGGER/Segger/SEGGER_SYSVIEW.o
 .ARM.attributes
                0x000000000000050b       0x34 d:/stm32/stm32cubeide_1.11.0/stm32cubeide/plugins/com.st.stm32cube.ide.mcu.externaltools.gnu-tools-for-stm32.10.3-2021.10.win32_1.0.100.202210260954/tools/bin/../lib/gcc/arm-none-eabi/10.3.1/../../../../arm-none-eabi/lib/thumb/v7e-m+fp/hard\libc_nano.a(lib_a-impure.o)
 .ARM.attributes
                0x000000000000053f       0x34 d:/stm32/stm32cubeide_1.11.0/stm32cubeide/plugins/com.st.stm32cube.ide.mcu.externaltools.gnu-tools-for-stm32.10.3-2021.10.win32_1.0.100.202210260954/tools/bin/../lib/gcc/arm-none-eabi/10.3.1/../../../../arm-none-eabi/lib/thumb/v7e-m+fp/hard\libc_nano.a(lib_a-init.o)
 .ARM.attributes
                0x0000000000000573       0x34 d:/stm32/stm32cubeide_1.11.0/stm32cubeide/plugins/com.st.stm32cube.ide.mcu.externaltools.gnu-tools-for-stm32.10.3-2021.10.win32_1.0.100.202210260954/tools/bin/../lib/gcc/arm-none-eabi/10.3.1/../../../../arm-none-eabi/lib/thumb/v7e-m+fp/hard\libc_nano.a(lib_a-memcmp.o)
 .ARM.attributes
                0x00000000000005a7       0x34 d:/stm32/stm32cubeide_1.11.0/stm32cubeide/plugins/com.st.stm32cube.ide.mcu.externaltools.gnu-tools-for-stm32.10.3-2021.10.win32_1.0.100.202210260954/tools/bin/../lib/gcc/arm-none-eabi/10.3.1/../../../../arm-none-eabi/lib/thumb/v7e-m+fp/hard\libc_nano.a(lib_a-memcpy-stub.o)
 .ARM.attributes
                0x00000000000005db       0x34 d:/stm32/stm32cubeide_1.11.0/stm32cubeide/plugins/com.st.stm32cube.ide.mcu.externaltools.gnu-tools-for-stm32.10.3-2021.10.win32_1.0.100.202210260954/tools/bin/../lib/gcc/arm-none-eabi/10.3.1/../../../../arm-none-eabi/lib/thumb/v7e-m+fp/hard\libc_nano.a(lib_a-memset.o)
 .ARM.attributes
                0x000000000000060f       0x34 d:/stm32/stm32cubeide_1.11.0/stm32cubeide/plugins/com.st.stm32cube.ide.mcu.externaltools.gnu-tools-for-stm32.10.3-2021.10.win32_1.0.100.202210260954/tools/bin/../lib/gcc/arm-none-eabi/10.3.1/../../../../arm-none-eabi/lib/thumb/v7e-m+fp/hard\libc_nano.a(lib_a-snprintf.o)
 .ARM.attributes
                0x0000000000000643       0x34 d:/stm32/stm32cubeide_1.11.0/stm32cubeide/plugins/com.st.stm32cube.ide.mcu.externaltools.gnu-tools-for-stm32.10.3-2021.10.win32_1.0.100.202210260954/tools/bin/../lib/gcc/arm-none-eabi/10.3.1/../../../../arm-none-eabi/lib/thumb/v7e-m+fp/hard\libc_nano.a(lib_a-nano-svfprintf.o)
 .ARM.attributes
                0x0000000000000677       0x34 d:/stm32/stm32cubeide_1.11.0/stm32cubeide/plugins/com.st.stm32cube.ide.mcu.externaltools.gnu-tools-for-stm32.10.3-2021.10.win32_1.0.100.202210260954/tools/bin/../lib/gcc/arm-none-eabi/10.3.1/../../../../arm-none-eabi/lib/thumb/v7e-m+fp/hard\libc_nano.a(lib_a-nano-vfprintf_i.o)
 .ARM.attributes
                0x00000000000006ab       0x1c d:/stm32/stm32cubeide_1.11.0/stm32cubeide/plugins/com.st.stm32cube.ide.mcu.externaltools.gnu-tools-for-stm32.10.3-2021.10.win32_1.0.100.202210260954/tools/bin/../lib/gcc/arm-none-eabi/10.3.1/../../../../arm-none-eabi/lib/thumb/v7e-m+fp/hard\libc_nano.a(lib_a-memchr.o)
 .ARM.attributes
                0x00000000000006c7       0x34 d:/stm32/stm32cubeide_1.11.0/stm32cubeide/plugins/com.st.stm32cube.ide.mcu.externaltools.gnu-tools-for-stm32.10.3-2021.10.win32_1.0.100.202210260954/tools/bin/../lib/gcc/arm-none-eabi/10.3.1/../../../../arm-none-eabi/lib/thumb/v7e-m+fp/hard\libc_nano.a(lib_a-memmove.o)
 .ARM.attributes
                0x00000000000006fb       0x34 d:/stm32/stm32cubeide_1.11.0/stm32cubeide/plugins/com.st.stm32cube.ide.mcu.externaltools.gnu-tools-for-stm32.10.3-2021.10.win32_1.0.100.202210260954/tools/bin/../lib/gcc/arm-none-eabi/10.3.1/../../../../arm-none-eabi/lib/thumb/v7e-m+fp/hard\libc_nano.a(lib_a-nano-freer.o)
 .ARM.attributes
                0x000000000000072f       0x34 d:/stm32/stm32cubeide_1.11.0/stm32cubeide/plugins/com.st.stm32cube.ide.mcu.externaltools.gnu-tools-for-stm32.10.3-2021.10.win32_1.0.100.202210260954/tools/bin/../lib/gcc/arm-none-eabi/10.3.1/../../../../arm-none-eabi/lib/thumb/v7e-m+fp/hard\libc_nano.a(lib_a-nano-mallocr.o)
 .ARM.attributes
                0x0000000000000763       0x34 d:/stm32/stm32cubeide_1.11.0/stm32cubeide/plugins/com.st.stm32cube.ide.mcu.externaltools.gnu-tools-for-stm32.10.3-2021.10.win32_1.0.100.202210260954/tools/bin/../lib/gcc/arm-none-eabi/10.3.1/../../../../arm-none-eabi/lib/thumb/v7e-m+fp/hard\libc_nano.a(lib_a-nano-reallocr.o)
 .ARM.attributes
                0x0000000000000797       0x34 d:/stm32/stm32cubeide_1.11.0/stm32cubeide/plugins/com.st.stm32cube.ide.mcu.externaltools.gnu-tools-for-stm32.10.3-2021.10.win32_1.0.100.202210260954/tools/bin/../lib/gcc/arm-none-eabi/10.3.1/../../../../arm-none-eabi/lib/thumb/v7e-m+fp/hard\libc_nano.a(lib_a-sbrkr.o)
 .ARM.attributes
                0x00000000000007cb       0x34 d:/stm32/stm32cubeide_1.11.0/stm32cubeide/plugins/com.st.stm32cube.ide.mcu.externaltools.gnu-tools-for-stm32.10.3-2021.10.win32_1.0.100.202210260954/tools/bin/../lib/gcc/arm-none-eabi/10.3.1/../../../../arm-none-eabi/lib/thumb/v7e-m+fp/hard\libc_nano.a(lib_a-mlock.o)
 .ARM.attributes
                0x00000000000007ff       0x34 d:/stm32/stm32cubeide_1.11.0/stm32cubeide/plugins/com.st.stm32cube.ide.mcu.externaltools.gnu-tools-for-stm32.10.3-2021.10.win32_1.0.100.202210260954/tools/bin/../lib/gcc/arm-none-eabi/10.3.1/../../../../arm-none-eabi/lib/thumb/v7e-m+fp/hard\libc_nano.a(lib_a-nano-msizer.o)
 .ARM.attributes
                0x0000000000000833       0x34 d:/stm32/stm32cubeide_1.11.0/stm32cubeide/plugins/com.st.stm32cube.ide.mcu.externaltools.gnu-tools-for-stm32.10.3-2021.10.win32_1.0.100.202210260954/tools/bin/../lib/gcc/arm-none-eabi/10.3.1/../../../../arm-none-eabi/lib/thumb/v7e-m+fp/hard\libc_nano.a(lib_a-reent.o)
 .ARM.attributes
                0x0000000000000867       0x34 d:/stm32/stm32cubeide_1.11.0/stm32cubeide/plugins/com.st.stm32cube.ide.mcu.externaltools.gnu-tools-for-stm32.10.3-2021.10.win32_1.0.100.202210260954/tools/bin/../lib/gcc/arm-none-eabi/10.3.1/../../../../arm-none-eabi/lib/thumb/v7e-m+fp/hard\libc_nano.a(lib_a-lock.o)
 .ARM.attributes
                0x000000000000089b       0x1e d:/stm32/stm32cubeide_1.11.0/stm32cubeide/plugins/com.st.stm32cube.ide.mcu.externaltools.gnu-tools-for-stm32.10.3-2021.10.win32_1.0.100.202210260954/tools/bin/../lib/gcc/arm-none-eabi/10.3.1/thumb/v7e-m+fp/hard\libgcc.a(_aeabi_uldivmod.o)
 .ARM.attributes
                0x00000000000008b9       0x34 d:/stm32/stm32cubeide_1.11.0/stm32cubeide/plugins/com.st.stm32cube.ide.mcu.externaltools.gnu-tools-for-stm32.10.3-2021.10.win32_1.0.100.202210260954/tools/bin/../lib/gcc/arm-none-eabi/10.3.1/thumb/v7e-m+fp/hard\libgcc.a(_udivmoddi4.o)
 .ARM.attributes
                0x00000000000008ed       0x1e d:/stm32/stm32cubeide_1.11.0/stm32cubeide/plugins/com.st.stm32cube.ide.mcu.externaltools.gnu-tools-for-stm32.10.3-2021.10.win32_1.0.100.202210260954/tools/bin/../lib/gcc/arm-none-eabi/10.3.1/thumb/v7e-m+fp/hard\libgcc.a(_dvmd_tls.o)
 .ARM.attributes
                0x000000000000090b       0x34 d:/stm32/stm32cubeide_1.11.0/stm32cubeide/plugins/com.st.stm32cube.ide.mcu.externaltools.gnu-tools-for-stm32.10.3-2021.10.win32_1.0.100.202210260954/tools/bin/../lib/gcc/arm-none-eabi/10.3.1/../../../../arm-none-eabi/lib/thumb/v7e-m+fp/hard\libnosys.a(sbrk.o)
 .ARM.attributes
                0x000000000000093f       0x1e d:/stm32/stm32cubeide_1.11.0/stm32cubeide/plugins/com.st.stm32cube.ide.mcu.externaltools.gnu-tools-for-stm32.10.3-2021.10.win32_1.0.100.202210260954/tools/bin/../lib/gcc/arm-none-eabi/10.3.1/thumb/v7e-m+fp/hard/crtn.o
OUTPUT(0001Tasks.elf elf32-littlearm)
LOAD linker stubs
LOAD d:/stm32/stm32cubeide_1.11.0/stm32cubeide/plugins/com.st.stm32cube.ide.mcu.externaltools.gnu-tools-for-stm32.10.3-2021.10.win32_1.0.100.202210260954/tools/bin/../lib/gcc/arm-none-eabi/10.3.1/../../../../arm-none-eabi/lib/thumb/v7e-m+fp/hard\libc.a
LOAD d:/stm32/stm32cubeide_1.11.0/stm32cubeide/plugins/com.st.stm32cube.ide.mcu.externaltools.gnu-tools-for-stm32.10.3-2021.10.win32_1.0.100.202210260954/tools/bin/../lib/gcc/arm-none-eabi/10.3.1/../../../../arm-none-eabi/lib/thumb/v7e-m+fp/hard\libm.a
LOAD d:/stm32/stm32cubeide_1.11.0/stm32cubeide/plugins/com.st.stm32cube.ide.mcu.externaltools.gnu-tools-for-stm32.10.3-2021.10.win32_1.0.100.202210260954/tools/bin/../lib/gcc/arm-none-eabi/10.3.1/thumb/v7e-m+fp/hard\libgcc.a

.debug_info     0x0000000000000000    0x153e9
 .debug_info    0x0000000000000000      0xf73 ./Core/Src/main.o
 .debug_info    0x0000000000000f73      0x2f8 ./Core/Src/stm32f4xx_hal_msp.o
 .debug_info    0x000000000000126b      0xbdf ./Core/Src/stm32f4xx_hal_timebase_tim.o
 .debug_info    0x0000000000001e4a      0x6f0 ./Core/Src/stm32f4xx_it.o
 .debug_info    0x000000000000253a      0x54f ./Core/Src/system_stm32f4xx.o
 .debug_info    0x0000000000002a89       0x22 ./Core/Startup/startup_stm32f411retx.o
 .debug_info    0x0000000000002aab      0x90d ./Drivers/STM32F4xx_HAL_Driver/Src/stm32f4xx_hal.o
 .debug_info    0x00000000000033b8      0xd8b ./Drivers/STM32F4xx_HAL_Driver/Src/stm32f4xx_hal_cortex.o
 .debug_info    0x0000000000004143      0x78e ./Drivers/STM32F4xx_HAL_Driver/Src/stm32f4xx_hal_gpio.o
 .debug_info    0x00000000000048d1      0x98d ./Drivers/STM32F4xx_HAL_Driver/Src/stm32f4xx_hal_rcc.o
 .debug_info    0x000000000000525e     0x2bb6 ./Drivers/STM32F4xx_HAL_Driver/Src/stm32f4xx_hal_tim.o
 .debug_info    0x0000000000007e14     0x15d8 ./Drivers/STM32F4xx_HAL_Driver/Src/stm32f4xx_hal_tim_ex.o
 .debug_info    0x00000000000093ec      0x2d1 ./ThirdParty/FreeRTOS/list.o
 .debug_info    0x00000000000096bd     0x1a03 ./ThirdParty/FreeRTOS/queue.o
 .debug_info    0x000000000000b0c0     0x27ad ./ThirdParty/FreeRTOS/tasks.o
 .debug_info    0x000000000000d86d      0xeaf ./ThirdParty/FreeRTOS/timers.o
 .debug_info    0x000000000000e71c      0x5ca ./ThirdParty/FreeRTOS/portable/GCC/ARM_CM4F/port.o
 .debug_info    0x000000000000ece6      0x558 ./ThirdParty/FreeRTOS/portable/MemMang/heap_4.o
 .debug_info    0x000000000000f23e      0x182 ./ThirdParty/SEGGER/Config/SEGGER_SYSVIEW_Config_FreeRTOS.o
 .debug_info    0x000000000000f3c0      0x43e ./ThirdParty/SEGGER/OS/SEGGER_SYSVIEW_FreeRTOS.o
 .debug_info    0x000000000000f7fe      0x88d ./ThirdParty/SEGGER/Rec/segger_uart.o
 .debug_info    0x000000000001008b     0x15df ./ThirdParty/SEGGER/Segger/SEGGER_RTT.o
 .debug_info    0x000000000001166a       0x26 ./ThirdParty/SEGGER/Segger/SEGGER_RTT_ASM_ARMv7M.o
 .debug_info    0x0000000000011690     0x3d59 ./ThirdParty/SEGGER/Segger/SEGGER_SYSVIEW.o

.debug_abbrev   0x0000000000000000     0x30c0
 .debug_abbrev  0x0000000000000000      0x321 ./Core/Src/main.o
 .debug_abbrev  0x0000000000000321       0xee ./Core/Src/stm32f4xx_hal_msp.o
 .debug_abbrev  0x000000000000040f      0x1f7 ./Core/Src/stm32f4xx_hal_timebase_tim.o
 .debug_abbrev  0x0000000000000606      0x182 ./Core/Src/stm32f4xx_it.o
 .debug_abbrev  0x0000000000000788      0x116 ./Core/Src/system_stm32f4xx.o
 .debug_abbrev  0x000000000000089e       0x12 ./Core/Startup/startup_stm32f411retx.o
 .debug_abbrev  0x00000000000008b0      0x23e ./Drivers/STM32F4xx_HAL_Driver/Src/stm32f4xx_hal.o
 .debug_abbrev  0x0000000000000aee      0x316 ./Drivers/STM32F4xx_HAL_Driver/Src/stm32f4xx_hal_cortex.o
 .debug_abbrev  0x0000000000000e04      0x1c4 ./Drivers/STM32F4xx_HAL_Driver/Src/stm32f4xx_hal_gpio.o
 .debug_abbrev  0x0000000000000fc8      0x2aa ./Drivers/STM32F4xx_HAL_Driver/Src/stm32f4xx_hal_rcc.o
 .debug_abbrev  0x0000000000001272      0x26e ./Drivers/STM32F4xx_HAL_Driver/Src/stm32f4xx_hal_tim.o
 .debug_abbrev  0x00000000000014e0      0x276 ./Drivers/STM32F4xx_HAL_Driver/Src/stm32f4xx_hal_tim_ex.o
 .debug_abbrev  0x0000000000001756       0xf2 ./ThirdParty/FreeRTOS/list.o
 .debug_abbrev  0x0000000000001848      0x312 ./ThirdParty/FreeRTOS/queue.o
 .debug_abbrev  0x0000000000001b5a      0x3bb ./ThirdParty/FreeRTOS/tasks.o
 .debug_abbrev  0x0000000000001f15      0x2c5 ./ThirdParty/FreeRTOS/timers.o
 .debug_abbrev  0x00000000000021da      0x259 ./ThirdParty/FreeRTOS/portable/GCC/ARM_CM4F/port.o
 .debug_abbrev  0x0000000000002433      0x24e ./ThirdParty/FreeRTOS/portable/MemMang/heap_4.o
 .debug_abbrev  0x0000000000002681       0xf2 ./ThirdParty/SEGGER/Config/SEGGER_SYSVIEW_Config_FreeRTOS.o
 .debug_abbrev  0x0000000000002773      0x189 ./ThirdParty/SEGGER/OS/SEGGER_SYSVIEW_FreeRTOS.o
 .debug_abbrev  0x00000000000028fc      0x27b ./ThirdParty/SEGGER/Rec/segger_uart.o
 .debug_abbrev  0x0000000000002b77      0x216 ./ThirdParty/SEGGER/Segger/SEGGER_RTT.o
 .debug_abbrev  0x0000000000002d8d       0x14 ./ThirdParty/SEGGER/Segger/SEGGER_RTT_ASM_ARMv7M.o
 .debug_abbrev  0x0000000000002da1      0x31f ./ThirdParty/SEGGER/Segger/SEGGER_SYSVIEW.o

.debug_aranges  0x0000000000000000     0x1378
 .debug_aranges
                0x0000000000000000       0x50 ./Core/Src/main.o
 .debug_aranges
                0x0000000000000050       0x20 ./Core/Src/stm32f4xx_hal_msp.o
 .debug_aranges
                0x0000000000000070       0x30 ./Core/Src/stm32f4xx_hal_timebase_tim.o
 .debug_aranges
                0x00000000000000a0       0x50 ./Core/Src/stm32f4xx_it.o
 .debug_aranges
                0x00000000000000f0       0x28 ./Core/Src/system_stm32f4xx.o
 .debug_aranges
                0x0000000000000118       0x28 ./Core/Startup/startup_stm32f411retx.o
 .debug_aranges
                0x0000000000000140       0xf0 ./Drivers/STM32F4xx_HAL_Driver/Src/stm32f4xx_hal.o
 .debug_aranges
                0x0000000000000230      0x118 ./Drivers/STM32F4xx_HAL_Driver/Src/stm32f4xx_hal_cortex.o
 .debug_aranges
                0x0000000000000348       0x58 ./Drivers/STM32F4xx_HAL_Driver/Src/stm32f4xx_hal_gpio.o
 .debug_aranges
                0x00000000000003a0       0x88 ./Drivers/STM32F4xx_HAL_Driver/Src/stm32f4xx_hal_rcc.o
 .debug_aranges
                0x0000000000000428      0x3d0 ./Drivers/STM32F4xx_HAL_Driver/Src/stm32f4xx_hal_tim.o
 .debug_aranges
                0x00000000000007f8      0x168 ./Drivers/STM32F4xx_HAL_Driver/Src/stm32f4xx_hal_tim_ex.o
 .debug_aranges
                0x0000000000000960       0x40 ./ThirdParty/FreeRTOS/list.o
 .debug_aranges
                0x00000000000009a0      0x130 ./ThirdParty/FreeRTOS/queue.o
 .debug_aranges
                0x0000000000000ad0      0x208 ./ThirdParty/FreeRTOS/tasks.o
 .debug_aranges
                0x0000000000000cd8       0xe8 ./ThirdParty/FreeRTOS/timers.o
 .debug_aranges
                0x0000000000000dc0       0x88 ./ThirdParty/FreeRTOS/portable/GCC/ARM_CM4F/port.o
 .debug_aranges
                0x0000000000000e48       0x60 ./ThirdParty/FreeRTOS/portable/MemMang/heap_4.o
 .debug_aranges
                0x0000000000000ea8       0x28 ./ThirdParty/SEGGER/Config/SEGGER_SYSVIEW_Config_FreeRTOS.o
 .debug_aranges
                0x0000000000000ed0       0x48 ./ThirdParty/SEGGER/OS/SEGGER_SYSVIEW_FreeRTOS.o
 .debug_aranges
                0x0000000000000f18       0x68 ./ThirdParty/SEGGER/Rec/segger_uart.o
 .debug_aranges
                0x0000000000000f80      0x138 ./ThirdParty/SEGGER/Segger/SEGGER_RTT.o
 .debug_aranges
                0x00000000000010b8       0x20 ./ThirdParty/SEGGER/Segger/SEGGER_RTT_ASM_ARMv7M.o
 .debug_aranges
                0x00000000000010d8      0x2a0 ./ThirdParty/SEGGER/Segger/SEGGER_SYSVIEW.o

.debug_ranges   0x0000000000000000     0x11f0
 .debug_ranges  0x0000000000000000       0x40 ./Core/Src/main.o
 .debug_ranges  0x0000000000000040       0x10 ./Core/Src/stm32f4xx_hal_msp.o
 .debug_ranges  0x0000000000000050       0x20 ./Core/Src/stm32f4xx_hal_timebase_tim.o
 .debug_ranges  0x0000000000000070       0x40 ./Core/Src/stm32f4xx_it.o
 .debug_ranges  0x00000000000000b0       0x18 ./Core/Src/system_stm32f4xx.o
 .debug_ranges  0x00000000000000c8       0x20 ./Core/Startup/startup_stm32f411retx.o
 .debug_ranges  0x00000000000000e8       0xe0 ./Drivers/STM32F4xx_HAL_Driver/Src/stm32f4xx_hal.o
 .debug_ranges  0x00000000000001c8      0x108 ./Drivers/STM32F4xx_HAL_Driver/Src/stm32f4xx_hal_cortex.o
 .debug_ranges  0x00000000000002d0       0x48 ./Drivers/STM32F4xx_HAL_Driver/Src/stm32f4xx_hal_gpio.o
 .debug_ranges  0x0000000000000318       0x78 ./Drivers/STM32F4xx_HAL_Driver/Src/stm32f4xx_hal_rcc.o
 .debug_ranges  0x0000000000000390      0x3c0 ./Drivers/STM32F4xx_HAL_Driver/Src/stm32f4xx_hal_tim.o
 .debug_ranges  0x0000000000000750      0x158 ./Drivers/STM32F4xx_HAL_Driver/Src/stm32f4xx_hal_tim_ex.o
 .debug_ranges  0x00000000000008a8       0x30 ./ThirdParty/FreeRTOS/list.o
 .debug_ranges  0x00000000000008d8      0x120 ./ThirdParty/FreeRTOS/queue.o
 .debug_ranges  0x00000000000009f8      0x1f8 ./ThirdParty/FreeRTOS/tasks.o
 .debug_ranges  0x0000000000000bf0       0xd8 ./ThirdParty/FreeRTOS/timers.o
 .debug_ranges  0x0000000000000cc8       0x78 ./ThirdParty/FreeRTOS/portable/GCC/ARM_CM4F/port.o
 .debug_ranges  0x0000000000000d40       0x50 ./ThirdParty/FreeRTOS/portable/MemMang/heap_4.o
 .debug_ranges  0x0000000000000d90       0x18 ./ThirdParty/SEGGER/Config/SEGGER_SYSVIEW_Config_FreeRTOS.o
 .debug_ranges  0x0000000000000da8       0x38 ./ThirdParty/SEGGER/OS/SEGGER_SYSVIEW_FreeRTOS.o
 .debug_ranges  0x0000000000000de0       0x58 ./ThirdParty/SEGGER/Rec/segger_uart.o
 .debug_ranges  0x0000000000000e38      0x128 ./ThirdParty/SEGGER/Segger/SEGGER_RTT.o
 .debug_ranges  0x0000000000000f60      0x290 ./ThirdParty/SEGGER/Segger/SEGGER_SYSVIEW.o

.debug_macro    0x0000000000000000    0x191a1
 .debug_macro   0x0000000000000000      0x405 ./Core/Src/main.o
 .debug_macro   0x0000000000000405      0xa78 ./Core/Src/main.o
 .debug_macro   0x0000000000000e7d      0x295 ./Core/Src/main.o
 .debug_macro   0x0000000000001112       0x2e ./Core/Src/main.o
 .debug_macro   0x0000000000001140       0x28 ./Core/Src/main.o
 .debug_macro   0x0000000000001168       0x22 ./Core/Src/main.o
 .debug_macro   0x000000000000118a       0x8e ./Core/Src/main.o
 .debug_macro   0x0000000000001218       0x51 ./Core/Src/main.o
 .debug_macro   0x0000000000001269      0x103 ./Core/Src/main.o
 .debug_macro   0x000000000000136c       0x6a ./Core/Src/main.o
 .debug_macro   0x00000000000013d6      0x1df ./Core/Src/main.o
 .debug_macro   0x00000000000015b5       0x1c ./Core/Src/main.o
 .debug_macro   0x00000000000015d1       0x22 ./Core/Src/main.o
 .debug_macro   0x00000000000015f3       0xd9 ./Core/Src/main.o
 .debug_macro   0x00000000000016cc     0x102d ./Core/Src/main.o
 .debug_macro   0x00000000000026f9      0x11f ./Core/Src/main.o
 .debug_macro   0x0000000000002818     0xb953 ./Core/Src/main.o
 .debug_macro   0x000000000000e16b       0x6d ./Core/Src/main.o
 .debug_macro   0x000000000000e1d8     0x367e ./Core/Src/main.o
 .debug_macro   0x0000000000011856      0x174 ./Core/Src/main.o
 .debug_macro   0x00000000000119ca       0x5c ./Core/Src/main.o
 .debug_macro   0x0000000000011a26      0x447 ./Core/Src/main.o
 .debug_macro   0x0000000000011e6d      0x9fe ./Core/Src/main.o
 .debug_macro   0x000000000001286b      0x115 ./Core/Src/main.o
 .debug_macro   0x0000000000012980      0x11b ./Core/Src/main.o
 .debug_macro   0x0000000000012a9b       0xa5 ./Core/Src/main.o
 .debug_macro   0x0000000000012b40      0x15f ./Core/Src/main.o
 .debug_macro   0x0000000000012c9f      0x287 ./Core/Src/main.o
 .debug_macro   0x0000000000012f26       0x5f ./Core/Src/main.o
 .debug_macro   0x0000000000012f85      0x236 ./Core/Src/main.o
 .debug_macro   0x00000000000131bb      0x132 ./Core/Src/main.o
 .debug_macro   0x00000000000132ed      0x264 ./Core/Src/main.o
 .debug_macro   0x0000000000013551       0x2e ./Core/Src/main.o
 .debug_macro   0x000000000001357f      0x11a ./Core/Src/main.o
 .debug_macro   0x0000000000013699       0x85 ./Core/Src/main.o
 .debug_macro   0x000000000001371e       0x89 ./Core/Src/main.o
 .debug_macro   0x00000000000137a7      0x8e6 ./Core/Src/main.o
 .debug_macro   0x000000000001408d       0x47 ./Core/Src/main.o
 .debug_macro   0x00000000000140d4      0x126 ./Core/Src/main.o
 .debug_macro   0x00000000000141fa       0x58 ./Core/Src/main.o
 .debug_macro   0x0000000000014252       0x52 ./Core/Src/main.o
 .debug_macro   0x00000000000142a4       0x1e ./Core/Src/main.o
 .debug_macro   0x00000000000142c2       0x3c ./Core/Src/main.o
 .debug_macro   0x00000000000142fe       0x34 ./Core/Src/main.o
 .debug_macro   0x0000000000014332       0x16 ./Core/Src/main.o
 .debug_macro   0x0000000000014348       0x35 ./Core/Src/main.o
 .debug_macro   0x000000000001437d      0x341 ./Core/Src/main.o
 .debug_macro   0x00000000000146be       0x10 ./Core/Src/main.o
 .debug_macro   0x00000000000146ce       0x16 ./Core/Src/main.o
 .debug_macro   0x00000000000146e4       0x43 ./Core/Src/main.o
 .debug_macro   0x0000000000014727       0x34 ./Core/Src/main.o
 .debug_macro   0x000000000001475b       0x10 ./Core/Src/main.o
 .debug_macro   0x000000000001476b       0x58 ./Core/Src/main.o
 .debug_macro   0x00000000000147c3       0x71 ./Core/Src/main.o
 .debug_macro   0x0000000000014834       0x1c ./Core/Src/main.o
 .debug_macro   0x0000000000014850      0x12a ./Core/Src/main.o
 .debug_macro   0x000000000001497a       0x10 ./Core/Src/main.o
 .debug_macro   0x000000000001498a       0x1c ./Core/Src/main.o
 .debug_macro   0x00000000000149a6       0x52 ./Core/Src/main.o
 .debug_macro   0x00000000000149f8       0x22 ./Core/Src/main.o
 .debug_macro   0x0000000000014a1a       0x10 ./Core/Src/main.o
 .debug_macro   0x0000000000014a2a       0x52 ./Core/Src/main.o
 .debug_macro   0x0000000000014a7c       0xd5 ./Core/Src/main.o
 .debug_macro   0x0000000000014b51       0x1c ./Core/Src/main.o
 .debug_macro   0x0000000000014b6d       0x3d ./Core/Src/main.o
 .debug_macro   0x0000000000014baa       0x16 ./Core/Src/main.o
 .debug_macro   0x0000000000014bc0      0x145 ./Core/Src/main.o
 .debug_macro   0x0000000000014d05      0x106 ./Core/Src/main.o
 .debug_macro   0x0000000000014e0b       0x4c ./Core/Src/main.o
 .debug_macro   0x0000000000014e57       0x46 ./Core/Src/main.o
 .debug_macro   0x0000000000014e9d       0x64 ./Core/Src/main.o