15:47:53 **** Incremental Build of configuration Debug for project 002_LED_task ****
make -j12 all 
arm-none-eabi-gcc "../Core/Src/main.c" -mcpu=cortex-m4 -std=gnu11 -g3 -DDEBUG -DUSE_HAL_DRIVER -DSTM32F411xE -c -I../Core/Inc -I../Drivers/STM32F4xx_HAL_Driver/Inc -I../Drivers/STM32F4xx_HAL_Driver/Inc/Legacy -I../Drivers/CMSIS/Device/ST/STM32F4xx/Include -I../Drivers/CMSIS/Include -I"D:/workspace/RTOS_workspace/common/ThirdParty/FreeRTOS/include" -I"D:/workspace/RTOS_workspace/common/ThirdParty/FreeRTOS/portable/GCC/ARM_CM4F" -I"D:/workspace/RTOS_workspace/common/ThirdParty/SEGGER/Config" -I"D:/workspace/RTOS_workspace/common/ThirdParty/SEGGER/OS" -I"D:/workspace/RTOS_workspace/common/ThirdParty/SEGGER/Segger" -O0 -ffunction-sections -fdata-sections -Wall -fstack-usage -MMD -MP -MF"Core/Src/main.d" -MT"Core/Src/main.o" --specs=nano.specs -mfpu=fpv4-sp-d16 -mfloat-abi=hard -mthumb -o "Core/Src/main.o"
arm-none-eabi-gcc -o "002_LED_task.elf" @"objects.list"   -mcpu=cortex-m4 -T"D:\workspace\RTOS_workspace\002_LED_task\STM32F411RETX_FLASH.ld" --specs=nosys.specs -Wl,-Map="002_LED_task.map" -Wl,--gc-sections -static --specs=nano.specs -mfpu=fpv4-sp-d16 -mfloat-abi=hard -mthumb -Wl,--start-group -lc -lm -Wl,--end-group
Finished building target: 002_LED_task.elf
 
arm-none-eabi-size   002_LED_task.elf 
arm-none-eabi-objdump -h -S  002_LED_task.elf  > "002_LED_task.list"
   text	   data	    bss	    dec	    hex	filename
  31148	    136	  96928	 128212	  1f4d4	002_LED_task.elf
Finished building: default.size.stdout
 
Finished building: 002_LED_task.list
 
15:48:02 **** Incremental Build of configuration Debug for project 002_LED_task ****
make -j12 all 
arm-none-eabi-size   002_LED_task.elf 
   text	   data	    bss	    dec	    hex	filename
  31148	    136	  96928	 128212	  1f4d4	002_LED_task.elf
Finished building: default.size.stdout
 
