14:56:24 **** Incremental Build of configuration Debug for project 0001Tasks ****
make -j12 all 
arm-none-eabi-gcc "../ThirdParty/SEGGER/Segger/SEGGER_SYSVIEW.c" -mcpu=cortex-m4 -std=gnu11 -g3 -DDEBUG -DUSE_HAL_DRIVER -DSTM32F411xE -c -I../Core/Inc -I"D:/workspace/RTOS_workspace/0001Tasks/ThirdParty/SEGGER/Config" -I"D:/workspace/RTOS_workspace/0001Tasks/ThirdParty/SEGGER/OS" -I"D:/workspace/RTOS_workspace/0001Tasks/ThirdParty/SEGGER/Segger" -I"D:/workspace/RTOS_workspace/0001Tasks/ThirdParty/FreeRTOS" -I"D:/workspace/RTOS_workspace/0001Tasks/ThirdParty/FreeRTOS/include" -I"D:/workspace/RTOS_workspace/0001Tasks/ThirdParty/FreeRTOS/portable/GCC/ARM_CM4F" -I../Drivers/STM32F4xx_HAL_Driver/Inc -I../Drivers/STM32F4xx_HAL_Driver/Inc/Legacy -I../Drivers/CMSIS/Device/ST/STM32F4xx/Include -I../Drivers/CMSIS/Include -O0 -ffunction-sections -fdata-sections -Wall -fstack-usage -MMD -MP -MF"ThirdParty/SEGGER/Segger/SEGGER_SYSVIEW.d" -MT"ThirdParty/SEGGER/Segger/SEGGER_SYSVIEW.o" --specs=nano.specs -mfpu=fpv4-sp-d16 -mfloat-abi=hard -mthumb -o "ThirdParty/SEGGER/Segger/SEGGER_SYSVIEW.o"
arm-none-eabi-gcc "../ThirdParty/SEGGER/Rec/segger_uart.c" -mcpu=cortex-m4 -std=gnu11 -g3 -DDEBUG -DUSE_HAL_DRIVER -DSTM32F411xE -c -I../Core/Inc -I"D:/workspace/RTOS_workspace/0001Tasks/ThirdParty/SEGGER/Config" -I"D:/workspace/RTOS_workspace/0001Tasks/ThirdParty/SEGGER/OS" -I"D:/workspace/RTOS_workspace/0001Tasks/ThirdParty/SEGGER/Segger" -I"D:/workspace/RTOS_workspace/0001Tasks/ThirdParty/FreeRTOS" -I"D:/workspace/RTOS_workspace/0001Tasks/ThirdParty/FreeRTOS/include" -I"D:/workspace/RTOS_workspace/0001Tasks/ThirdParty/FreeRTOS/portable/GCC/ARM_CM4F" -I../Drivers/STM32F4xx_HAL_Driver/Inc -I../Drivers/STM32F4xx_HAL_Driver/Inc/Legacy -I../Drivers/CMSIS/Device/ST/STM32F4xx/Include -I../Drivers/CMSIS/Include -O0 -ffunction-sections -fdata-sections -Wall -fstack-usage -MMD -MP -MF"ThirdParty/SEGGER/Rec/segger_uart.d" -MT"ThirdParty/SEGGER/Rec/segger_uart.o" --specs=nano.specs -mfpu=fpv4-sp-d16 -mfloat-abi=hard -mthumb -o "ThirdParty/SEGGER/Rec/segger_uart.o"
arm-none-eabi-gcc "../ThirdParty/SEGGER/OS/SEGGER_SYSVIEW_FreeRTOS.c" -mcpu=cortex-m4 -std=gnu11 -g3 -DDEBUG -DUSE_HAL_DRIVER -DSTM32F411xE -c -I../Core/Inc -I"D:/workspace/RTOS_workspace/0001Tasks/ThirdParty/SEGGER/Config" -I"D:/workspace/RTOS_workspace/0001Tasks/ThirdParty/SEGGER/OS" -I"D:/workspace/RTOS_workspace/0001Tasks/ThirdParty/SEGGER/Segger" -I"D:/workspace/RTOS_workspace/0001Tasks/ThirdParty/FreeRTOS" -I"D:/workspace/RTOS_workspace/0001Tasks/ThirdParty/FreeRTOS/include" -I"D:/workspace/RTOS_workspace/0001Tasks/ThirdParty/FreeRTOS/portable/GCC/ARM_CM4F" -I../Drivers/STM32F4xx_HAL_Driver/Inc -I../Drivers/STM32F4xx_HAL_Driver/Inc/Legacy -I../Drivers/CMSIS/Device/ST/STM32F4xx/Include -I../Drivers/CMSIS/Include -O0 -ffunction-sections -fdata-sections -Wall -fstack-usage -MMD -MP -MF"ThirdParty/SEGGER/OS/SEGGER_SYSVIEW_FreeRTOS.d" -MT"ThirdParty/SEGGER/OS/SEGGER_SYSVIEW_FreeRTOS.o" --specs=nano.specs -mfpu=fpv4-sp-d16 -mfloat-abi=hard -mthumb -o "ThirdParty/SEGGER/OS/SEGGER_SYSVIEW_FreeRTOS.o"
arm-none-eabi-gcc "../ThirdParty/SEGGER/Config/SEGGER_SYSVIEW_Config_FreeRTOS.c" -mcpu=cortex-m4 -std=gnu11 -g3 -DDEBUG -DUSE_HAL_DRIVER -DSTM32F411xE -c -I../Core/Inc -I"D:/workspace/RTOS_workspace/0001Tasks/ThirdParty/SEGGER/Config" -I"D:/workspace/RTOS_workspace/0001Tasks/ThirdParty/SEGGER/OS" -I"D:/workspace/RTOS_workspace/0001Tasks/ThirdParty/SEGGER/Segger" -I"D:/workspace/RTOS_workspace/0001Tasks/ThirdParty/FreeRTOS" -I"D:/workspace/RTOS_workspace/0001Tasks/ThirdParty/FreeRTOS/include" -I"D:/workspace/RTOS_workspace/0001Tasks/ThirdParty/FreeRTOS/portable/GCC/ARM_CM4F" -I../Drivers/STM32F4xx_HAL_Driver/Inc -I../Drivers/STM32F4xx_HAL_Driver/Inc/Legacy -I../Drivers/CMSIS/Device/ST/STM32F4xx/Include -I../Drivers/CMSIS/Include -O0 -ffunction-sections -fdata-sections -Wall -fstack-usage -MMD -MP -MF"ThirdParty/SEGGER/Config/SEGGER_SYSVIEW_Config_FreeRTOS.d" -MT"ThirdParty/SEGGER/Config/SEGGER_SYSVIEW_Config_FreeRTOS.o" --specs=nano.specs -mfpu=fpv4-sp-d16 -mfloat-abi=hard -mthumb -o "ThirdParty/SEGGER/Config/SEGGER_SYSVIEW_Config_FreeRTOS.o"
arm-none-eabi-gcc "../ThirdParty/FreeRTOS/portable/MemMang/heap_4.c" -mcpu=cortex-m4 -std=gnu11 -g3 -DDEBUG -DUSE_HAL_DRIVER -DSTM32F411xE -c -I../Core/Inc -I"D:/workspace/RTOS_workspace/0001Tasks/ThirdParty/SEGGER/Config" -I"D:/workspace/RTOS_workspace/0001Tasks/ThirdParty/SEGGER/OS" -I"D:/workspace/RTOS_workspace/0001Tasks/ThirdParty/SEGGER/Segger" -I"D:/workspace/RTOS_workspace/0001Tasks/ThirdParty/FreeRTOS" -I"D:/workspace/RTOS_workspace/0001Tasks/ThirdParty/FreeRTOS/include" -I"D:/workspace/RTOS_workspace/0001Tasks/ThirdParty/FreeRTOS/portable/GCC/ARM_CM4F" -I../Drivers/STM32F4xx_HAL_Driver/Inc -I../Drivers/STM32F4xx_HAL_Driver/Inc/Legacy -I../Drivers/CMSIS/Device/ST/STM32F4xx/Include -I../Drivers/CMSIS/Include -O0 -ffunction-sections -fdata-sections -Wall -fstack-usage -MMD -MP -MF"ThirdParty/FreeRTOS/portable/MemMang/heap_4.d" -MT"ThirdParty/FreeRTOS/portable/MemMang/heap_4.o" --specs=nano.specs -mfpu=fpv4-sp-d16 -mfloat-abi=hard -mthumb -o "ThirdParty/FreeRTOS/portable/MemMang/heap_4.o"
arm-none-eabi-gcc "../ThirdParty/FreeRTOS/portable/GCC/ARM_CM4F/port.c" -mcpu=cortex-m4 -std=gnu11 -g3 -DDEBUG -DUSE_HAL_DRIVER -DSTM32F411xE -c -I../Core/Inc -I"D:/workspace/RTOS_workspace/0001Tasks/ThirdParty/SEGGER/Config" -I"D:/workspace/RTOS_workspace/0001Tasks/ThirdParty/SEGGER/OS" -I"D:/workspace/RTOS_workspace/0001Tasks/ThirdParty/SEGGER/Segger" -I"D:/workspace/RTOS_workspace/0001Tasks/ThirdParty/FreeRTOS" -I"D:/workspace/RTOS_workspace/0001Tasks/ThirdParty/FreeRTOS/include" -I"D:/workspace/RTOS_workspace/0001Tasks/ThirdParty/FreeRTOS/portable/GCC/ARM_CM4F" -I../Drivers/STM32F4xx_HAL_Driver/Inc -I../Drivers/STM32F4xx_HAL_Driver/Inc/Legacy -I../Drivers/CMSIS/Device/ST/STM32F4xx/Include -I../Drivers/CMSIS/Include -O0 -ffunction-sections -fdata-sections -Wall -fstack-usage -MMD -MP -MF"ThirdParty/FreeRTOS/portable/GCC/ARM_CM4F/port.d" -MT"ThirdParty/FreeRTOS/portable/GCC/ARM_CM4F/port.o" --specs=nano.specs -mfpu=fpv4-sp-d16 -mfloat-abi=hard -mthumb -o "ThirdParty/FreeRTOS/portable/GCC/ARM_CM4F/port.o"
arm-none-eabi-gcc "../ThirdParty/FreeRTOS/croutine.c" -mcpu=cortex-m4 -std=gnu11 -g3 -DDEBUG -DUSE_HAL_DRIVER -DSTM32F411xE -c -I../Core/Inc -I"D:/workspace/RTOS_workspace/0001Tasks/ThirdParty/SEGGER/Config" -I"D:/workspace/RTOS_workspace/0001Tasks/ThirdParty/SEGGER/OS" -I"D:/workspace/RTOS_workspace/0001Tasks/ThirdParty/SEGGER/Segger" -I"D:/workspace/RTOS_workspace/0001Tasks/ThirdParty/FreeRTOS" -I"D:/workspace/RTOS_workspace/0001Tasks/ThirdParty/FreeRTOS/include" -I"D:/workspace/RTOS_workspace/0001Tasks/ThirdParty/FreeRTOS/portable/GCC/ARM_CM4F" -I../Drivers/STM32F4xx_HAL_Driver/Inc -I../Drivers/STM32F4xx_HAL_Driver/Inc/Legacy -I../Drivers/CMSIS/Device/ST/STM32F4xx/Include -I../Drivers/CMSIS/Include -O0 -ffunction-sections -fdata-sections -Wall -fstack-usage -MMD -MP -MF"ThirdParty/FreeRTOS/croutine.d" -MT"ThirdParty/FreeRTOS/croutine.o" --specs=nano.specs -mfpu=fpv4-sp-d16 -mfloat-abi=hard -mthumb -o "ThirdParty/FreeRTOS/croutine.o"
arm-none-eabi-gcc "../ThirdParty/FreeRTOS/event_groups.c" -mcpu=cortex-m4 -std=gnu11 -g3 -DDEBUG -DUSE_HAL_DRIVER -DSTM32F411xE -c -I../Core/Inc -I"D:/workspace/RTOS_workspace/0001Tasks/ThirdParty/SEGGER/Config" -I"D:/workspace/RTOS_workspace/0001Tasks/ThirdParty/SEGGER/OS" -I"D:/workspace/RTOS_workspace/0001Tasks/ThirdParty/SEGGER/Segger" -I"D:/workspace/RTOS_workspace/0001Tasks/ThirdParty/FreeRTOS" -I"D:/workspace/RTOS_workspace/0001Tasks/ThirdParty/FreeRTOS/include" -I"D:/workspace/RTOS_workspace/0001Tasks/ThirdParty/FreeRTOS/portable/GCC/ARM_CM4F" -I../Drivers/STM32F4xx_HAL_Driver/Inc -I../Drivers/STM32F4xx_HAL_Driver/Inc/Legacy -I../Drivers/CMSIS/Device/ST/STM32F4xx/Include -I../Drivers/CMSIS/Include -O0 -ffunction-sections -fdata-sections -Wall -fstack-usage -MMD -MP -MF"ThirdParty/FreeRTOS/event_groups.d" -MT"ThirdParty/FreeRTOS/event_groups.o" --specs=nano.specs -mfpu=fpv4-sp-d16 -mfloat-abi=hard -mthumb -o "ThirdParty/FreeRTOS/event_groups.o"
arm-none-eabi-gcc "../ThirdParty/FreeRTOS/list.c" -mcpu=cortex-m4 -std=gnu11 -g3 -DDEBUG -DUSE_HAL_DRIVER -DSTM32F411xE -c -I../Core/Inc -I"D:/workspace/RTOS_workspace/0001Tasks/ThirdParty/SEGGER/Config" -I"D:/workspace/RTOS_workspace/0001Tasks/ThirdParty/SEGGER/OS" -I"D:/workspace/RTOS_workspace/0001Tasks/ThirdParty/SEGGER/Segger" -I"D:/workspace/RTOS_workspace/0001Tasks/ThirdParty/FreeRTOS" -I"D:/workspace/RTOS_workspace/0001Tasks/ThirdParty/FreeRTOS/include" -I"D:/workspace/RTOS_workspace/0001Tasks/ThirdParty/FreeRTOS/portable/GCC/ARM_CM4F" -I../Drivers/STM32F4xx_HAL_Driver/Inc -I../Drivers/STM32F4xx_HAL_Driver/Inc/Legacy -I../Drivers/CMSIS/Device/ST/STM32F4xx/Include -I../Drivers/CMSIS/Include -O0 -ffunction-sections -fdata-sections -Wall -fstack-usage -MMD -MP -MF"ThirdParty/FreeRTOS/list.d" -MT"ThirdParty/FreeRTOS/list.o" --specs=nano.specs -mfpu=fpv4-sp-d16 -mfloat-abi=hard -mthumb -o "ThirdParty/FreeRTOS/list.o"
arm-none-eabi-gcc "../ThirdParty/FreeRTOS/queue.c" -mcpu=cortex-m4 -std=gnu11 -g3 -DDEBUG -DUSE_HAL_DRIVER -DSTM32F411xE -c -I../Core/Inc -I"D:/workspace/RTOS_workspace/0001Tasks/ThirdParty/SEGGER/Config" -I"D:/workspace/RTOS_workspace/0001Tasks/ThirdParty/SEGGER/OS" -I"D:/workspace/RTOS_workspace/0001Tasks/ThirdParty/SEGGER/Segger" -I"D:/workspace/RTOS_workspace/0001Tasks/ThirdParty/FreeRTOS" -I"D:/workspace/RTOS_workspace/0001Tasks/ThirdParty/FreeRTOS/include" -I"D:/workspace/RTOS_workspace/0001Tasks/ThirdParty/FreeRTOS/portable/GCC/ARM_CM4F" -I../Drivers/STM32F4xx_HAL_Driver/Inc -I../Drivers/STM32F4xx_HAL_Driver/Inc/Legacy -I../Drivers/CMSIS/Device/ST/STM32F4xx/Include -I../Drivers/CMSIS/Include -O0 -ffunction-sections -fdata-sections -Wall -fstack-usage -MMD -MP -MF"ThirdParty/FreeRTOS/queue.d" -MT"ThirdParty/FreeRTOS/queue.o" --specs=nano.specs -mfpu=fpv4-sp-d16 -mfloat-abi=hard -mthumb -o "ThirdParty/FreeRTOS/queue.o"
arm-none-eabi-gcc "../ThirdParty/FreeRTOS/stream_buffer.c" -mcpu=cortex-m4 -std=gnu11 -g3 -DDEBUG -DUSE_HAL_DRIVER -DSTM32F411xE -c -I../Core/Inc -I"D:/workspace/RTOS_workspace/0001Tasks/ThirdParty/SEGGER/Config" -I"D:/workspace/RTOS_workspace/0001Tasks/ThirdParty/SEGGER/OS" -I"D:/workspace/RTOS_workspace/0001Tasks/ThirdParty/SEGGER/Segger" -I"D:/workspace/RTOS_workspace/0001Tasks/ThirdParty/FreeRTOS" -I"D:/workspace/RTOS_workspace/0001Tasks/ThirdParty/FreeRTOS/include" -I"D:/workspace/RTOS_workspace/0001Tasks/ThirdParty/FreeRTOS/portable/GCC/ARM_CM4F" -I../Drivers/STM32F4xx_HAL_Driver/Inc -I../Drivers/STM32F4xx_HAL_Driver/Inc/Legacy -I../Drivers/CMSIS/Device/ST/STM32F4xx/Include -I../Drivers/CMSIS/Include -O0 -ffunction-sections -fdata-sections -Wall -fstack-usage -MMD -MP -MF"ThirdParty/FreeRTOS/stream_buffer.d" -MT"ThirdParty/FreeRTOS/stream_buffer.o" --specs=nano.specs -mfpu=fpv4-sp-d16 -mfloat-abi=hard -mthumb -o "ThirdParty/FreeRTOS/stream_buffer.o"
arm-none-eabi-gcc "../ThirdParty/FreeRTOS/tasks.c" -mcpu=cortex-m4 -std=gnu11 -g3 -DDEBUG -DUSE_HAL_DRIVER -DSTM32F411xE -c -I../Core/Inc -I"D:/workspace/RTOS_workspace/0001Tasks/ThirdParty/SEGGER/Config" -I"D:/workspace/RTOS_workspace/0001Tasks/ThirdParty/SEGGER/OS" -I"D:/workspace/RTOS_workspace/0001Tasks/ThirdParty/SEGGER/Segger" -I"D:/workspace/RTOS_workspace/0001Tasks/ThirdParty/FreeRTOS" -I"D:/workspace/RTOS_workspace/0001Tasks/ThirdParty/FreeRTOS/include" -I"D:/workspace/RTOS_workspace/0001Tasks/ThirdParty/FreeRTOS/portable/GCC/ARM_CM4F" -I../Drivers/STM32F4xx_HAL_Driver/Inc -I../Drivers/STM32F4xx_HAL_Driver/Inc/Legacy -I../Drivers/CMSIS/Device/ST/STM32F4xx/Include -I../Drivers/CMSIS/Include -O0 -ffunction-sections -fdata-sections -Wall -fstack-usage -MMD -MP -MF"ThirdParty/FreeRTOS/tasks.d" -MT"ThirdParty/FreeRTOS/tasks.o" --specs=nano.specs -mfpu=fpv4-sp-d16 -mfloat-abi=hard -mthumb -o "ThirdParty/FreeRTOS/tasks.o"
arm-none-eabi-gcc "../ThirdParty/FreeRTOS/timers.c" -mcpu=cortex-m4 -std=gnu11 -g3 -DDEBUG -DUSE_HAL_DRIVER -DSTM32F411xE -c -I../Core/Inc -I"D:/workspace/RTOS_workspace/0001Tasks/ThirdParty/SEGGER/Config" -I"D:/workspace/RTOS_workspace/0001Tasks/ThirdParty/SEGGER/OS" -I"D:/workspace/RTOS_workspace/0001Tasks/ThirdParty/SEGGER/Segger" -I"D:/workspace/RTOS_workspace/0001Tasks/ThirdParty/FreeRTOS" -I"D:/workspace/RTOS_workspace/0001Tasks/ThirdParty/FreeRTOS/include" -I"D:/workspace/RTOS_workspace/0001Tasks/ThirdParty/FreeRTOS/portable/GCC/ARM_CM4F" -I../Drivers/STM32F4xx_HAL_Driver/Inc -I../Drivers/STM32F4xx_HAL_Driver/Inc/Legacy -I../Drivers/CMSIS/Device/ST/STM32F4xx/Include -I../Drivers/CMSIS/Include -O0 -ffunction-sections -fdata-sections -Wall -fstack-usage -MMD -MP -MF"ThirdParty/FreeRTOS/timers.d" -MT"ThirdParty/FreeRTOS/timers.o" --specs=nano.specs -mfpu=fpv4-sp-d16 -mfloat-abi=hard -mthumb -o "ThirdParty/FreeRTOS/timers.o"
arm-none-eabi-gcc "../Core/Src/main.c" -mcpu=cortex-m4 -std=gnu11 -g3 -DDEBUG -DUSE_HAL_DRIVER -DSTM32F411xE -c -I../Core/Inc -I"D:/workspace/RTOS_workspace/0001Tasks/ThirdParty/SEGGER/Config" -I"D:/workspace/RTOS_workspace/0001Tasks/ThirdParty/SEGGER/OS" -I"D:/workspace/RTOS_workspace/0001Tasks/ThirdParty/SEGGER/Segger" -I"D:/workspace/RTOS_workspace/0001Tasks/ThirdParty/FreeRTOS" -I"D:/workspace/RTOS_workspace/0001Tasks/ThirdParty/FreeRTOS/include" -I"D:/workspace/RTOS_workspace/0001Tasks/ThirdParty/FreeRTOS/portable/GCC/ARM_CM4F" -I../Drivers/STM32F4xx_HAL_Driver/Inc -I../Drivers/STM32F4xx_HAL_Driver/Inc/Legacy -I../Drivers/CMSIS/Device/ST/STM32F4xx/Include -I../Drivers/CMSIS/Include -O0 -ffunction-sections -fdata-sections -Wall -fstack-usage -MMD -MP -MF"Core/Src/main.d" -MT"Core/Src/main.o" --specs=nano.specs -mfpu=fpv4-sp-d16 -mfloat-abi=hard -mthumb -o "Core/Src/main.o"
../ThirdParty/FreeRTOS/tasks.c: In function 'vTaskPrioritySet':
../ThirdParty/FreeRTOS/tasks.c:1644:6: warning: implicit declaration of function 'prvReaddTaskToReadyList'; did you mean 'prvAddTaskToReadyList'? [-Wimplicit-function-declaration]
 1644 |      prvReaddTaskToReadyList( pxTCB );
      |      ^~~~~~~~~~~~~~~~~~~~~~~
      |      prvAddTaskToReadyList
../Core/Src/main.c: In function 'main':
../Core/Src/main.c:101:3: warning: implicit declaration of function 'SEGGER_UART_init'; did you mean 'SEGGER_UART_REC'? [-Wimplicit-function-declaration]
  101 |   SEGGER_UART_init(250000);
      |   ^~~~~~~~~~~~~~~~
      |   SEGGER_UART_REC
arm-none-eabi-gcc -o "0001Tasks.elf" @"objects.list"   -mcpu=cortex-m4 -T"D:\workspace\RTOS_workspace\0001Tasks\STM32F411RETX_FLASH.ld" --specs=nosys.specs -Wl,-Map="0001Tasks.map" -Wl,--gc-sections -static --specs=nano.specs -mfpu=fpv4-sp-d16 -mfloat-abi=hard -mthumb -Wl,--start-group -lc -lm -Wl,--end-group
Finished building target: 0001Tasks.elf
 
arm-none-eabi-size   0001Tasks.elf 
arm-none-eabi-objdump -h -S  0001Tasks.elf  > "0001Tasks.list"
   text	   data	    bss	    dec	    hex	filename
  30648	    136	  84640	 115424	  1c2e0	0001Tasks.elf
Finished building: default.size.stdout
 
Finished building: 0001Tasks.list
 
14:59:04 **** Incremental Build of configuration Debug for project 0001Tasks ****
make -j12 all 
arm-none-eabi-gcc "../ThirdParty/SEGGER/Segger/SEGGER_SYSVIEW.c" -mcpu=cortex-m4 -std=gnu11 -g3 -DDEBUG -DUSE_HAL_DRIVER -DSTM32F411xE -c -I../Core/Inc -I"D:/workspace/RTOS_workspace/0001Tasks/ThirdParty/SEGGER/Config" -I"D:/workspace/RTOS_workspace/0001Tasks/ThirdParty/SEGGER/OS" -I"D:/workspace/RTOS_workspace/0001Tasks/ThirdParty/SEGGER/Segger" -I"D:/workspace/RTOS_workspace/0001Tasks/ThirdParty/FreeRTOS" -I"D:/workspace/RTOS_workspace/0001Tasks/ThirdParty/FreeRTOS/include" -I"D:/workspace/RTOS_workspace/0001Tasks/ThirdParty/FreeRTOS/portable/GCC/ARM_CM4F" -I../Drivers/STM32F4xx_HAL_Driver/Inc -I../Drivers/STM32F4xx_HAL_Driver/Inc/Legacy -I../Drivers/CMSIS/Device/ST/STM32F4xx/Include -I../Drivers/CMSIS/Include -O0 -ffunction-sections -fdata-sections -Wall -fstack-usage -MMD -MP -MF"ThirdParty/SEGGER/Segger/SEGGER_SYSVIEW.d" -MT"ThirdParty/SEGGER/Segger/SEGGER_SYSVIEW.o" --specs=nano.specs -mfpu=fpv4-sp-d16 -mfloat-abi=hard -mthumb -o "ThirdParty/SEGGER/Segger/SEGGER_SYSVIEW.o"
arm-none-eabi-gcc "../ThirdParty/SEGGER/Rec/segger_uart.c" -mcpu=cortex-m4 -std=gnu11 -g3 -DDEBUG -DUSE_HAL_DRIVER -DSTM32F411xE -c -I../Core/Inc -I"D:/workspace/RTOS_workspace/0001Tasks/ThirdParty/SEGGER/Config" -I"D:/workspace/RTOS_workspace/0001Tasks/ThirdParty/SEGGER/OS" -I"D:/workspace/RTOS_workspace/0001Tasks/ThirdParty/SEGGER/Segger" -I"D:/workspace/RTOS_workspace/0001Tasks/ThirdParty/FreeRTOS" -I"D:/workspace/RTOS_workspace/0001Tasks/ThirdParty/FreeRTOS/include" -I"D:/workspace/RTOS_workspace/0001Tasks/ThirdParty/FreeRTOS/portable/GCC/ARM_CM4F" -I../Drivers/STM32F4xx_HAL_Driver/Inc -I../Drivers/STM32F4xx_HAL_Driver/Inc/Legacy -I../Drivers/CMSIS/Device/ST/STM32F4xx/Include -I../Drivers/CMSIS/Include -O0 -ffunction-sections -fdata-sections -Wall -fstack-usage -MMD -MP -MF"ThirdParty/SEGGER/Rec/segger_uart.d" -MT"ThirdParty/SEGGER/Rec/segger_uart.o" --specs=nano.specs -mfpu=fpv4-sp-d16 -mfloat-abi=hard -mthumb -o "ThirdParty/SEGGER/Rec/segger_uart.o"
arm-none-eabi-gcc "../ThirdParty/SEGGER/OS/SEGGER_SYSVIEW_FreeRTOS.c" -mcpu=cortex-m4 -std=gnu11 -g3 -DDEBUG -DUSE_HAL_DRIVER -DSTM32F411xE -c -I../Core/Inc -I"D:/workspace/RTOS_workspace/0001Tasks/ThirdParty/SEGGER/Config" -I"D:/workspace/RTOS_workspace/0001Tasks/ThirdParty/SEGGER/OS" -I"D:/workspace/RTOS_workspace/0001Tasks/ThirdParty/SEGGER/Segger" -I"D:/workspace/RTOS_workspace/0001Tasks/ThirdParty/FreeRTOS" -I"D:/workspace/RTOS_workspace/0001Tasks/ThirdParty/FreeRTOS/include" -I"D:/workspace/RTOS_workspace/0001Tasks/ThirdParty/FreeRTOS/portable/GCC/ARM_CM4F" -I../Drivers/STM32F4xx_HAL_Driver/Inc -I../Drivers/STM32F4xx_HAL_Driver/Inc/Legacy -I../Drivers/CMSIS/Device/ST/STM32F4xx/Include -I../Drivers/CMSIS/Include -O0 -ffunction-sections -fdata-sections -Wall -fstack-usage -MMD -MP -MF"ThirdParty/SEGGER/OS/SEGGER_SYSVIEW_FreeRTOS.d" -MT"ThirdParty/SEGGER/OS/SEGGER_SYSVIEW_FreeRTOS.o" --specs=nano.specs -mfpu=fpv4-sp-d16 -mfloat-abi=hard -mthumb -o "ThirdParty/SEGGER/OS/SEGGER_SYSVIEW_FreeRTOS.o"
arm-none-eabi-gcc "../ThirdParty/SEGGER/Config/SEGGER_SYSVIEW_Config_FreeRTOS.c" -mcpu=cortex-m4 -std=gnu11 -g3 -DDEBUG -DUSE_HAL_DRIVER -DSTM32F411xE -c -I../Core/Inc -I"D:/workspace/RTOS_workspace/0001Tasks/ThirdParty/SEGGER/Config" -I"D:/workspace/RTOS_workspace/0001Tasks/ThirdParty/SEGGER/OS" -I"D:/workspace/RTOS_workspace/0001Tasks/ThirdParty/SEGGER/Segger" -I"D:/workspace/RTOS_workspace/0001Tasks/ThirdParty/FreeRTOS" -I"D:/workspace/RTOS_workspace/0001Tasks/ThirdParty/FreeRTOS/include" -I"D:/workspace/RTOS_workspace/0001Tasks/ThirdParty/FreeRTOS/portable/GCC/ARM_CM4F" -I../Drivers/STM32F4xx_HAL_Driver/Inc -I../Drivers/STM32F4xx_HAL_Driver/Inc/Legacy -I../Drivers/CMSIS/Device/ST/STM32F4xx/Include -I../Drivers/CMSIS/Include -O0 -ffunction-sections -fdata-sections -Wall -fstack-usage -MMD -MP -MF"ThirdParty/SEGGER/Config/SEGGER_SYSVIEW_Config_FreeRTOS.d" -MT"ThirdParty/SEGGER/Config/SEGGER_SYSVIEW_Config_FreeRTOS.o" --specs=nano.specs -mfpu=fpv4-sp-d16 -mfloat-abi=hard -mthumb -o "ThirdParty/SEGGER/Config/SEGGER_SYSVIEW_Config_FreeRTOS.o"
arm-none-eabi-gcc "../ThirdParty/FreeRTOS/portable/MemMang/heap_4.c" -mcpu=cortex-m4 -std=gnu11 -g3 -DDEBUG -DUSE_HAL_DRIVER -DSTM32F411xE -c -I../Core/Inc -I"D:/workspace/RTOS_workspace/0001Tasks/ThirdParty/SEGGER/Config" -I"D:/workspace/RTOS_workspace/0001Tasks/ThirdParty/SEGGER/OS" -I"D:/workspace/RTOS_workspace/0001Tasks/ThirdParty/SEGGER/Segger" -I"D:/workspace/RTOS_workspace/0001Tasks/ThirdParty/FreeRTOS" -I"D:/workspace/RTOS_workspace/0001Tasks/ThirdParty/FreeRTOS/include" -I"D:/workspace/RTOS_workspace/0001Tasks/ThirdParty/FreeRTOS/portable/GCC/ARM_CM4F" -I../Drivers/STM32F4xx_HAL_Driver/Inc -I../Drivers/STM32F4xx_HAL_Driver/Inc/Legacy -I../Drivers/CMSIS/Device/ST/STM32F4xx/Include -I../Drivers/CMSIS/Include -O0 -ffunction-sections -fdata-sections -Wall -fstack-usage -MMD -MP -MF"ThirdParty/FreeRTOS/portable/MemMang/heap_4.d" -MT"ThirdParty/FreeRTOS/portable/MemMang/heap_4.o" --specs=nano.specs -mfpu=fpv4-sp-d16 -mfloat-abi=hard -mthumb -o "ThirdParty/FreeRTOS/portable/MemMang/heap_4.o"
arm-none-eabi-gcc "../ThirdParty/FreeRTOS/portable/GCC/ARM_CM4F/port.c" -mcpu=cortex-m4 -std=gnu11 -g3 -DDEBUG -DUSE_HAL_DRIVER -DSTM32F411xE -c -I../Core/Inc -I"D:/workspace/RTOS_workspace/0001Tasks/ThirdParty/SEGGER/Config" -I"D:/workspace/RTOS_workspace/0001Tasks/ThirdParty/SEGGER/OS" -I"D:/workspace/RTOS_workspace/0001Tasks/ThirdParty/SEGGER/Segger" -I"D:/workspace/RTOS_workspace/0001Tasks/ThirdParty/FreeRTOS" -I"D:/workspace/RTOS_workspace/0001Tasks/ThirdParty/FreeRTOS/include" -I"D:/workspace/RTOS_workspace/0001Tasks/ThirdParty/FreeRTOS/portable/GCC/ARM_CM4F" -I../Drivers/STM32F4xx_HAL_Driver/Inc -I../Drivers/STM32F4xx_HAL_Driver/Inc/Legacy -I../Drivers/CMSIS/Device/ST/STM32F4xx/Include -I../Drivers/CMSIS/Include -O0 -ffunction-sections -fdata-sections -Wall -fstack-usage -MMD -MP -MF"ThirdParty/FreeRTOS/portable/GCC/ARM_CM4F/port.d" -MT"ThirdParty/FreeRTOS/portable/GCC/ARM_CM4F/port.o" --specs=nano.specs -mfpu=fpv4-sp-d16 -mfloat-abi=hard -mthumb -o "ThirdParty/FreeRTOS/portable/GCC/ARM_CM4F/port.o"
arm-none-eabi-gcc "../ThirdParty/FreeRTOS/croutine.c" -mcpu=cortex-m4 -std=gnu11 -g3 -DDEBUG -DUSE_HAL_DRIVER -DSTM32F411xE -c -I../Core/Inc -I"D:/workspace/RTOS_workspace/0001Tasks/ThirdParty/SEGGER/Config" -I"D:/workspace/RTOS_workspace/0001Tasks/ThirdParty/SEGGER/OS" -I"D:/workspace/RTOS_workspace/0001Tasks/ThirdParty/SEGGER/Segger" -I"D:/workspace/RTOS_workspace/0001Tasks/ThirdParty/FreeRTOS" -I"D:/workspace/RTOS_workspace/0001Tasks/ThirdParty/FreeRTOS/include" -I"D:/workspace/RTOS_workspace/0001Tasks/ThirdParty/FreeRTOS/portable/GCC/ARM_CM4F" -I../Drivers/STM32F4xx_HAL_Driver/Inc -I../Drivers/STM32F4xx_HAL_Driver/Inc/Legacy -I../Drivers/CMSIS/Device/ST/STM32F4xx/Include -I../Drivers/CMSIS/Include -O0 -ffunction-sections -fdata-sections -Wall -fstack-usage -MMD -MP -MF"ThirdParty/FreeRTOS/croutine.d" -MT"ThirdParty/FreeRTOS/croutine.o" --specs=nano.specs -mfpu=fpv4-sp-d16 -mfloat-abi=hard -mthumb -o "ThirdParty/FreeRTOS/croutine.o"
arm-none-eabi-gcc "../ThirdParty/FreeRTOS/event_groups.c" -mcpu=cortex-m4 -std=gnu11 -g3 -DDEBUG -DUSE_HAL_DRIVER -DSTM32F411xE -c -I../Core/Inc -I"D:/workspace/RTOS_workspace/0001Tasks/ThirdParty/SEGGER/Config" -I"D:/workspace/RTOS_workspace/0001Tasks/ThirdParty/SEGGER/OS" -I"D:/workspace/RTOS_workspace/0001Tasks/ThirdParty/SEGGER/Segger" -I"D:/workspace/RTOS_workspace/0001Tasks/ThirdParty/FreeRTOS" -I"D:/workspace/RTOS_workspace/0001Tasks/ThirdParty/FreeRTOS/include" -I"D:/workspace/RTOS_workspace/0001Tasks/ThirdParty/FreeRTOS/portable/GCC/ARM_CM4F" -I../Drivers/STM32F4xx_HAL_Driver/Inc -I../Drivers/STM32F4xx_HAL_Driver/Inc/Legacy -I../Drivers/CMSIS/Device/ST/STM32F4xx/Include -I../Drivers/CMSIS/Include -O0 -ffunction-sections -fdata-sections -Wall -fstack-usage -MMD -MP -MF"ThirdParty/FreeRTOS/event_groups.d" -MT"ThirdParty/FreeRTOS/event_groups.o" --specs=nano.specs -mfpu=fpv4-sp-d16 -mfloat-abi=hard -mthumb -o "ThirdParty/FreeRTOS/event_groups.o"
arm-none-eabi-gcc "../ThirdParty/FreeRTOS/list.c" -mcpu=cortex-m4 -std=gnu11 -g3 -DDEBUG -DUSE_HAL_DRIVER -DSTM32F411xE -c -I../Core/Inc -I"D:/workspace/RTOS_workspace/0001Tasks/ThirdParty/SEGGER/Config" -I"D:/workspace/RTOS_workspace/0001Tasks/ThirdParty/SEGGER/OS" -I"D:/workspace/RTOS_workspace/0001Tasks/ThirdParty/SEGGER/Segger" -I"D:/workspace/RTOS_workspace/0001Tasks/ThirdParty/FreeRTOS" -I"D:/workspace/RTOS_workspace/0001Tasks/ThirdParty/FreeRTOS/include" -I"D:/workspace/RTOS_workspace/0001Tasks/ThirdParty/FreeRTOS/portable/GCC/ARM_CM4F" -I../Drivers/STM32F4xx_HAL_Driver/Inc -I../Drivers/STM32F4xx_HAL_Driver/Inc/Legacy -I../Drivers/CMSIS/Device/ST/STM32F4xx/Include -I../Drivers/CMSIS/Include -O0 -ffunction-sections -fdata-sections -Wall -fstack-usage -MMD -MP -MF"ThirdParty/FreeRTOS/list.d" -MT"ThirdParty/FreeRTOS/list.o" --specs=nano.specs -mfpu=fpv4-sp-d16 -mfloat-abi=hard -mthumb -o "ThirdParty/FreeRTOS/list.o"
arm-none-eabi-gcc "../ThirdParty/FreeRTOS/queue.c" -mcpu=cortex-m4 -std=gnu11 -g3 -DDEBUG -DUSE_HAL_DRIVER -DSTM32F411xE -c -I../Core/Inc -I"D:/workspace/RTOS_workspace/0001Tasks/ThirdParty/SEGGER/Config" -I"D:/workspace/RTOS_workspace/0001Tasks/ThirdParty/SEGGER/OS" -I"D:/workspace/RTOS_workspace/0001Tasks/ThirdParty/SEGGER/Segger" -I"D:/workspace/RTOS_workspace/0001Tasks/ThirdParty/FreeRTOS" -I"D:/workspace/RTOS_workspace/0001Tasks/ThirdParty/FreeRTOS/include" -I"D:/workspace/RTOS_workspace/0001Tasks/ThirdParty/FreeRTOS/portable/GCC/ARM_CM4F" -I../Drivers/STM32F4xx_HAL_Driver/Inc -I../Drivers/STM32F4xx_HAL_Driver/Inc/Legacy -I../Drivers/CMSIS/Device/ST/STM32F4xx/Include -I../Drivers/CMSIS/Include -O0 -ffunction-sections -fdata-sections -Wall -fstack-usage -MMD -MP -MF"ThirdParty/FreeRTOS/queue.d" -MT"ThirdParty/FreeRTOS/queue.o" --specs=nano.specs -mfpu=fpv4-sp-d16 -mfloat-abi=hard -mthumb -o "ThirdParty/FreeRTOS/queue.o"
arm-none-eabi-gcc "../ThirdParty/FreeRTOS/stream_buffer.c" -mcpu=cortex-m4 -std=gnu11 -g3 -DDEBUG -DUSE_HAL_DRIVER -DSTM32F411xE -c -I../Core/Inc -I"D:/workspace/RTOS_workspace/0001Tasks/ThirdParty/SEGGER/Config" -I"D:/workspace/RTOS_workspace/0001Tasks/ThirdParty/SEGGER/OS" -I"D:/workspace/RTOS_workspace/0001Tasks/ThirdParty/SEGGER/Segger" -I"D:/workspace/RTOS_workspace/0001Tasks/ThirdParty/FreeRTOS" -I"D:/workspace/RTOS_workspace/0001Tasks/ThirdParty/FreeRTOS/include" -I"D:/workspace/RTOS_workspace/0001Tasks/ThirdParty/FreeRTOS/portable/GCC/ARM_CM4F" -I../Drivers/STM32F4xx_HAL_Driver/Inc -I../Drivers/STM32F4xx_HAL_Driver/Inc/Legacy -I../Drivers/CMSIS/Device/ST/STM32F4xx/Include -I../Drivers/CMSIS/Include -O0 -ffunction-sections -fdata-sections -Wall -fstack-usage -MMD -MP -MF"ThirdParty/FreeRTOS/stream_buffer.d" -MT"ThirdParty/FreeRTOS/stream_buffer.o" --specs=nano.specs -mfpu=fpv4-sp-d16 -mfloat-abi=hard -mthumb -o "ThirdParty/FreeRTOS/stream_buffer.o"
arm-none-eabi-gcc "../ThirdParty/FreeRTOS/tasks.c" -mcpu=cortex-m4 -std=gnu11 -g3 -DDEBUG -DUSE_HAL_DRIVER -DSTM32F411xE -c -I../Core/Inc -I"D:/workspace/RTOS_workspace/0001Tasks/ThirdParty/SEGGER/Config" -I"D:/workspace/RTOS_workspace/0001Tasks/ThirdParty/SEGGER/OS" -I"D:/workspace/RTOS_workspace/0001Tasks/ThirdParty/SEGGER/Segger" -I"D:/workspace/RTOS_workspace/0001Tasks/ThirdParty/FreeRTOS" -I"D:/workspace/RTOS_workspace/0001Tasks/ThirdParty/FreeRTOS/include" -I"D:/workspace/RTOS_workspace/0001Tasks/ThirdParty/FreeRTOS/portable/GCC/ARM_CM4F" -I../Drivers/STM32F4xx_HAL_Driver/Inc -I../Drivers/STM32F4xx_HAL_Driver/Inc/Legacy -I../Drivers/CMSIS/Device/ST/STM32F4xx/Include -I../Drivers/CMSIS/Include -O0 -ffunction-sections -fdata-sections -Wall -fstack-usage -MMD -MP -MF"ThirdParty/FreeRTOS/tasks.d" -MT"ThirdParty/FreeRTOS/tasks.o" --specs=nano.specs -mfpu=fpv4-sp-d16 -mfloat-abi=hard -mthumb -o "ThirdParty/FreeRTOS/tasks.o"
arm-none-eabi-gcc "../ThirdParty/FreeRTOS/timers.c" -mcpu=cortex-m4 -std=gnu11 -g3 -DDEBUG -DUSE_HAL_DRIVER -DSTM32F411xE -c -I../Core/Inc -I"D:/workspace/RTOS_workspace/0001Tasks/ThirdParty/SEGGER/Config" -I"D:/workspace/RTOS_workspace/0001Tasks/ThirdParty/SEGGER/OS" -I"D:/workspace/RTOS_workspace/0001Tasks/ThirdParty/SEGGER/Segger" -I"D:/workspace/RTOS_workspace/0001Tasks/ThirdParty/FreeRTOS" -I"D:/workspace/RTOS_workspace/0001Tasks/ThirdParty/FreeRTOS/include" -I"D:/workspace/RTOS_workspace/0001Tasks/ThirdParty/FreeRTOS/portable/GCC/ARM_CM4F" -I../Drivers/STM32F4xx_HAL_Driver/Inc -I../Drivers/STM32F4xx_HAL_Driver/Inc/Legacy -I../Drivers/CMSIS/Device/ST/STM32F4xx/Include -I../Drivers/CMSIS/Include -O0 -ffunction-sections -fdata-sections -Wall -fstack-usage -MMD -MP -MF"ThirdParty/FreeRTOS/timers.d" -MT"ThirdParty/FreeRTOS/timers.o" --specs=nano.specs -mfpu=fpv4-sp-d16 -mfloat-abi=hard -mthumb -o "ThirdParty/FreeRTOS/timers.o"
arm-none-eabi-gcc "../Core/Src/main.c" -mcpu=cortex-m4 -std=gnu11 -g3 -DDEBUG -DUSE_HAL_DRIVER -DSTM32F411xE -c -I../Core/Inc -I"D:/workspace/RTOS_workspace/0001Tasks/ThirdParty/SEGGER/Config" -I"D:/workspace/RTOS_workspace/0001Tasks/ThirdParty/SEGGER/OS" -I"D:/workspace/RTOS_workspace/0001Tasks/ThirdParty/SEGGER/Segger" -I"D:/workspace/RTOS_workspace/0001Tasks/ThirdParty/FreeRTOS" -I"D:/workspace/RTOS_workspace/0001Tasks/ThirdParty/FreeRTOS/include" -I"D:/workspace/RTOS_workspace/0001Tasks/ThirdParty/FreeRTOS/portable/GCC/ARM_CM4F" -I../Drivers/STM32F4xx_HAL_Driver/Inc -I../Drivers/STM32F4xx_HAL_Driver/Inc/Legacy -I../Drivers/CMSIS/Device/ST/STM32F4xx/Include -I../Drivers/CMSIS/Include -O0 -ffunction-sections -fdata-sections -Wall -fstack-usage -MMD -MP -MF"Core/Src/main.d" -MT"Core/Src/main.o" --specs=nano.specs -mfpu=fpv4-sp-d16 -mfloat-abi=hard -mthumb -o "Core/Src/main.o"
../ThirdParty/FreeRTOS/tasks.c: In function 'vTaskPrioritySet':
../ThirdParty/FreeRTOS/tasks.c:1644:6: warning: implicit declaration of function 'prvReaddTaskToReadyList'; did you mean 'prvAddTaskToReadyList'? [-Wimplicit-function-declaration]
 1644 |      prvReaddTaskToReadyList( pxTCB );
      |      ^~~~~~~~~~~~~~~~~~~~~~~
      |      prvAddTaskToReadyList
../Core/Src/main.c: In function 'main':
../Core/Src/main.c:101:3: warning: implicit declaration of function 'SEGGER_UART_init'; did you mean 'SEGGER_UART_REC'? [-Wimplicit-function-declaration]
  101 |   SEGGER_UART_init(250000);
      |   ^~~~~~~~~~~~~~~~
      |   SEGGER_UART_REC
arm-none-eabi-gcc -o "0001Tasks.elf" @"objects.list"   -mcpu=cortex-m4 -T"D:\workspace\RTOS_workspace\0001Tasks\STM32F411RETX_FLASH.ld" --specs=nosys.specs -Wl,-Map="0001Tasks.map" -Wl,--gc-sections -static --specs=nano.specs -mfpu=fpv4-sp-d16 -mfloat-abi=hard -mthumb -Wl,--start-group -lc -lm -Wl,--end-group
Finished building target: 0001Tasks.elf
 
arm-none-eabi-size   0001Tasks.elf 
arm-none-eabi-objdump -h -S  0001Tasks.elf  > "0001Tasks.list"
   text	   data	    bss	    dec	    hex	filename
  30648	    136	  96928	 127712	  1f2e0	0001Tasks.elf
Finished building: default.size.stdout
 
Finished building: 0001Tasks.list
 
14:59:09 **** Incremental Build of configuration Debug for project 0001Tasks ****
make -j12 all 
arm-none-eabi-gcc "../ThirdParty/SEGGER/Segger/SEGGER_SYSVIEW.c" -mcpu=cortex-m4 -std=gnu11 -g3 -DDEBUG -DUSE_HAL_DRIVER -DSTM32F411xE -c -I../Core/Inc -I"D:/workspace/RTOS_workspace/0001Tasks/ThirdParty/SEGGER/Config" -I"D:/workspace/RTOS_workspace/0001Tasks/ThirdParty/SEGGER/OS" -I"D:/workspace/RTOS_workspace/0001Tasks/ThirdParty/SEGGER/Segger" -I"D:/workspace/RTOS_workspace/0001Tasks/ThirdParty/FreeRTOS" -I"D:/workspace/RTOS_workspace/0001Tasks/ThirdParty/FreeRTOS/include" -I"D:/workspace/RTOS_workspace/0001Tasks/ThirdParty/FreeRTOS/portable/GCC/ARM_CM4F" -I../Drivers/STM32F4xx_HAL_Driver/Inc -I../Drivers/STM32F4xx_HAL_Driver/Inc/Legacy -I../Drivers/CMSIS/Device/ST/STM32F4xx/Include -I../Drivers/CMSIS/Include -O0 -ffunction-sections -fdata-sections -Wall -fstack-usage -MMD -MP -MF"ThirdParty/SEGGER/Segger/SEGGER_SYSVIEW.d" -MT"ThirdParty/SEGGER/Segger/SEGGER_SYSVIEW.o" --specs=nano.specs -mfpu=fpv4-sp-d16 -mfloat-abi=hard -mthumb -o "ThirdParty/SEGGER/Segger/SEGGER_SYSVIEW.o"
arm-none-eabi-gcc "../ThirdParty/FreeRTOS/timers.c" -mcpu=cortex-m4 -std=gnu11 -g3 -DDEBUG -DUSE_HAL_DRIVER -DSTM32F411xE -c -I../Core/Inc -I"D:/workspace/RTOS_workspace/0001Tasks/ThirdParty/SEGGER/Config" -I"D:/workspace/RTOS_workspace/0001Tasks/ThirdParty/SEGGER/OS" -I"D:/workspace/RTOS_workspace/0001Tasks/ThirdParty/SEGGER/Segger" -I"D:/workspace/RTOS_workspace/0001Tasks/ThirdParty/FreeRTOS" -I"D:/workspace/RTOS_workspace/0001Tasks/ThirdParty/FreeRTOS/include" -I"D:/workspace/RTOS_workspace/0001Tasks/ThirdParty/FreeRTOS/portable/GCC/ARM_CM4F" -I../Drivers/STM32F4xx_HAL_Driver/Inc -I../Drivers/STM32F4xx_HAL_Driver/Inc/Legacy -I../Drivers/CMSIS/Device/ST/STM32F4xx/Include -I../Drivers/CMSIS/Include -O0 -ffunction-sections -fdata-sections -Wall -fstack-usage -MMD -MP -MF"ThirdParty/FreeRTOS/timers.d" -MT"ThirdParty/FreeRTOS/timers.o" --specs=nano.specs -mfpu=fpv4-sp-d16 -mfloat-abi=hard -mthumb -o "ThirdParty/FreeRTOS/timers.o"
arm-none-eabi-gcc "../Core/Src/main.c" -mcpu=cortex-m4 -std=gnu11 -g3 -DDEBUG -DUSE_HAL_DRIVER -DSTM32F411xE -c -I../Core/Inc -I"D:/workspace/RTOS_workspace/0001Tasks/ThirdParty/SEGGER/Config" -I"D:/workspace/RTOS_workspace/0001Tasks/ThirdParty/SEGGER/OS" -I"D:/workspace/RTOS_workspace/0001Tasks/ThirdParty/SEGGER/Segger" -I"D:/workspace/RTOS_workspace/0001Tasks/ThirdParty/FreeRTOS" -I"D:/workspace/RTOS_workspace/0001Tasks/ThirdParty/FreeRTOS/include" -I"D:/workspace/RTOS_workspace/0001Tasks/ThirdParty/FreeRTOS/portable/GCC/ARM_CM4F" -I../Drivers/STM32F4xx_HAL_Driver/Inc -I../Drivers/STM32F4xx_HAL_Driver/Inc/Legacy -I../Drivers/CMSIS/Device/ST/STM32F4xx/Include -I../Drivers/CMSIS/Include -O0 -ffunction-sections -fdata-sections -Wall -fstack-usage -MMD -MP -MF"Core/Src/main.d" -MT"Core/Src/main.o" --specs=nano.specs -mfpu=fpv4-sp-d16 -mfloat-abi=hard -mthumb -o "Core/Src/main.o"
../Core/Src/main.c: In function 'main':
../Core/Src/main.c:101:3: warning: implicit declaration of function 'SEGGER_UART_init'; did you mean 'SEGGER_UART_REC'? [-Wimplicit-function-declaration]
  101 |   SEGGER_UART_init(250000);
      |   ^~~~~~~~~~~~~~~~
      |   SEGGER_UART_REC
arm-none-eabi-gcc -o "0001Tasks.elf" @"objects.list"   -mcpu=cortex-m4 -T"D:\workspace\RTOS_workspace\0001Tasks\STM32F411RETX_FLASH.ld" --specs=nosys.specs -Wl,-Map="0001Tasks.map" -Wl,--gc-sections -static --specs=nano.specs -mfpu=fpv4-sp-d16 -mfloat-abi=hard -mthumb -Wl,--start-group -lc -lm -Wl,--end-group
Finished building target: 0001Tasks.elf
 
arm-none-eabi-size   0001Tasks.elf 
arm-none-eabi-objdump -h -S  0001Tasks.elf  > "0001Tasks.list"
   text	   data	    bss	    dec	    hex	filename
  30648	    136	  96928	 127712	  1f2e0	0001Tasks.elf
Finished building: default.size.stdout
 
Finished building: 0001Tasks.list
 
15:00:32 **** Incremental Build of configuration Debug for project 0001Tasks ****
make -j12 all 
arm-none-eabi-gcc "../Core/Src/main.c" -mcpu=cortex-m4 -std=gnu11 -g3 -DDEBUG -DUSE_HAL_DRIVER -DSTM32F411xE -c -I../Core/Inc -I"D:/workspace/RTOS_workspace/0001Tasks/ThirdParty/SEGGER/Config" -I"D:/workspace/RTOS_workspace/0001Tasks/ThirdParty/SEGGER/OS" -I"D:/workspace/RTOS_workspace/0001Tasks/ThirdParty/SEGGER/Segger" -I"D:/workspace/RTOS_workspace/0001Tasks/ThirdParty/FreeRTOS" -I"D:/workspace/RTOS_workspace/0001Tasks/ThirdParty/FreeRTOS/include" -I"D:/workspace/RTOS_workspace/0001Tasks/ThirdParty/FreeRTOS/portable/GCC/ARM_CM4F" -I../Drivers/STM32F4xx_HAL_Driver/Inc -I../Drivers/STM32F4xx_HAL_Driver/Inc/Legacy -I../Drivers/CMSIS/Device/ST/STM32F4xx/Include -I../Drivers/CMSIS/Include -O0 -ffunction-sections -fdata-sections -Wall -fstack-usage -MMD -MP -MF"Core/Src/main.d" -MT"Core/Src/main.o" --specs=nano.specs -mfpu=fpv4-sp-d16 -mfloat-abi=hard -mthumb -o "Core/Src/main.o"
../Core/Src/main.c: In function 'main':
../Core/Src/main.c:101:3: warning: implicit declaration of function 'SEGGER_UART_init'; did you mean 'SEGGER_UART_REC'? [-Wimplicit-function-declaration]
  101 |   SEGGER_UART_init(250000);
      |   ^~~~~~~~~~~~~~~~
      |   SEGGER_UART_REC
arm-none-eabi-gcc -o "0001Tasks.elf" @"objects.list"   -mcpu=cortex-m4 -T"D:\workspace\RTOS_workspace\0001Tasks\STM32F411RETX_FLASH.ld" --specs=nosys.specs -Wl,-Map="0001Tasks.map" -Wl,--gc-sections -static --specs=nano.specs -mfpu=fpv4-sp-d16 -mfloat-abi=hard -mthumb -Wl,--start-group -lc -lm -Wl,--end-group
Finished building target: 0001Tasks.elf
 
arm-none-eabi-size   0001Tasks.elf 
arm-none-eabi-objdump -h -S  0001Tasks.elf  > "0001Tasks.list"
   text	   data	    bss	    dec	    hex	filename
  30728	    136	  96928	 127792	  1f330	0001Tasks.elf
Finished building: default.size.stdout
 
Finished building: 0001Tasks.list
 
15:01:09 **** Incremental Build of configuration Debug for project 0001Tasks ****
make -j12 all 
arm-none-eabi-gcc "../Core/Src/main.c" -mcpu=cortex-m4 -std=gnu11 -g3 -DDEBUG -DUSE_HAL_DRIVER -DSTM32F411xE -c -I../Core/Inc -I"D:/workspace/RTOS_workspace/0001Tasks/ThirdParty/SEGGER/Config" -I"D:/workspace/RTOS_workspace/0001Tasks/ThirdParty/SEGGER/OS" -I"D:/workspace/RTOS_workspace/0001Tasks/ThirdParty/SEGGER/Segger" -I"D:/workspace/RTOS_workspace/0001Tasks/ThirdParty/FreeRTOS" -I"D:/workspace/RTOS_workspace/0001Tasks/ThirdParty/FreeRTOS/include" -I"D:/workspace/RTOS_workspace/0001Tasks/ThirdParty/FreeRTOS/portable/GCC/ARM_CM4F" -I../Drivers/STM32F4xx_HAL_Driver/Inc -I../Drivers/STM32F4xx_HAL_Driver/Inc/Legacy -I../Drivers/CMSIS/Device/ST/STM32F4xx/Include -I../Drivers/CMSIS/Include -O0 -ffunction-sections -fdata-sections -Wall -fstack-usage -MMD -MP -MF"Core/Src/main.d" -MT"Core/Src/main.o" --specs=nano.specs -mfpu=fpv4-sp-d16 -mfloat-abi=hard -mthumb -o "Core/Src/main.o"
../Core/Src/main.c: In function 'main':
../Core/Src/main.c:101:3: warning: implicit declaration of function 'SEGGER_UART_init'; did you mean 'SEGGER_UART_REC'? [-Wimplicit-function-declaration]
  101 |   SEGGER_UART_init(250000);
      |   ^~~~~~~~~~~~~~~~
      |   SEGGER_UART_REC
arm-none-eabi-gcc -o "0001Tasks.elf" @"objects.list"   -mcpu=cortex-m4 -T"D:\workspace\RTOS_workspace\0001Tasks\STM32F411RETX_FLASH.ld" --specs=nosys.specs -Wl,-Map="0001Tasks.map" -Wl,--gc-sections -static --specs=nano.specs -mfpu=fpv4-sp-d16 -mfloat-abi=hard -mthumb -Wl,--start-group -lc -lm -Wl,--end-group
Finished building target: 0001Tasks.elf
 
arm-none-eabi-size   0001Tasks.elf 
arm-none-eabi-objdump -h -S  0001Tasks.elf  > "0001Tasks.list"
   text	   data	    bss	    dec	    hex	filename
  30728	    136	  96928	 127792	  1f330	0001Tasks.elf
Finished building: default.size.stdout
 
Finished building: 0001Tasks.list
 
